Component: ARM Compiler 5.06 update 7 (build 960) Tool: armlink [4d3601]

==============================================================================

Section Cross References

    main.o(i.main) refers to delay.o(i.delay_init) for delay_init
    main.o(i.main) refers to sys.o(i.NVIC_Config) for NVIC_Config
    main.o(i.main) refers to bridgeflash.o(i.BdgFlashInit) for BdgFlashInit
    main.o(i.main) refers to my_usart2.o(i.My_USART2) for My_USART2
    main.o(i.main) refers to esp8266_drv.o(i.WIFI_RESET_init) for WIFI_RESET_init
    main.o(i.main) refers to mqtt_drv.o(i.Ali_MsessageInit) for Ali_MsessageInit
    main.o(i.main) refers to key.o(i.KEY_Init) for KEY_Init
    main.o(i.main) refers to led.o(i.LED_GPIO_Config) for LED_GPIO_Config
    main.o(i.main) refers to bsp_oled_iic.o(i.oled_Init) for oled_Init
    main.o(i.main) refers to time2.o(i.TIM2_Init) for TIM2_Init
    main.o(i.main) refers to adc.o(i.Adc_Init) for Adc_Init
    main.o(i.main) refers to dht11.o(i.DHT11_Init) for DHT11_Init
    main.o(i.main) refers to bsp_oled_iic.o(i.oled_Clear) for oled_Clear
    main.o(i.main) refers to esp8266_drv.o(i.ESP8266_run_handle) for ESP8266_run_handle
    main.o(i.main) refers to dht11.o(i.DHT11_Read_TempAndHumidity) for DHT11_Read_TempAndHumidity
    main.o(i.main) refers to adc.o(i.Get_Adc_Average) for Get_Adc_Average
    main.o(i.main) refers to illumination.o(i.R_to_Lux) for R_to_Lux
    main.o(i.main) refers to ffixi.o(.text) for __aeabi_f2iz
    main.o(i.main) refers to menu.o(i.Mode_selection) for Mode_selection
    main.o(i.main) refers to bridgeflash.o(i.save_Threshold) for save_Threshold
    main.o(i.main) refers to dht11.o(.data) for dht11Data
    main.o(i.main) refers to main.o(.data) for .data
    menu.o(i.Action) refers to motor.o(i.Motor_PWM_Init) for Motor_PWM_Init
    menu.o(i.Action) refers to pid.o(i.PID_Init) for PID_Init
    menu.o(i.Action) refers to motor.o(i.Set_Fan_Speed) for Set_Fan_Speed
    menu.o(i.Action) refers to motor.o(i.Set_Pump_Speed) for Set_Pump_Speed
    menu.o(i.Action) refers to stm32f10x_gpio.o(i.GPIO_ResetBits) for GPIO_ResetBits
    menu.o(i.Action) refers to stm32f10x_gpio.o(i.GPIO_SetBits) for GPIO_SetBits
    menu.o(i.Action) refers to menu.o(.data) for .data
    menu.o(i.Action) refers to menu.o(.bss) for .bss
    menu.o(i.Action) refers to main.o(.data) for System
    menu.o(i.Asterisk) refers to bsp_oled_iic.o(i.oled_ShowString) for oled_ShowString
    menu.o(i.Automatic) refers to ffltui.o(.text) for __aeabi_ui2f
    menu.o(i.Automatic) refers to fadd.o(.text) for __aeabi_fsub
    menu.o(i.Automatic) refers to pid.o(i.PID_Compute) for PID_Compute
    menu.o(i.Automatic) refers to ffixui.o(.text) for __aeabi_f2uiz
    menu.o(i.Automatic) refers to menu.o(.data) for .data
    menu.o(i.Automatic) refers to main.o(.data) for Threshold
    menu.o(i.Automatic) refers to main.o(.data) for SensorData
    menu.o(i.Automatic) refers to menu.o(.bss) for .bss
    menu.o(i.Automatic) refers to main.o(.data) for System
    menu.o(i.Display) refers to bsp_oled_iic.o(i.oled_Clear) for oled_Clear
    menu.o(i.Display) refers to bsp_oled_iic.o(i.oled_ShowCHinese) for oled_ShowCHinese
    menu.o(i.Display) refers to bsp_oled_iic.o(i.oled_ShowString) for oled_ShowString
    menu.o(i.Display) refers to bsp_oled_iic.o(i.oled_ShowNum) for oled_ShowNum
    menu.o(i.Display) refers to esp8266_drv.o(i.MqttCon_Display) for MqttCon_Display
    menu.o(i.Display) refers to esp8266_drv.o(i.Topic_Display) for Topic_Display
    menu.o(i.Display) refers to key.o(.data) for isKey3
    menu.o(i.Display) refers to menu.o(.data) for .data
    menu.o(i.Display) refers to main.o(.data) for SensorData
    menu.o(i.Manual) refers to bsp_oled_iic.o(i.oled_Clear) for oled_Clear
    menu.o(i.Manual) refers to menu.o(i.Asterisk) for Asterisk
    menu.o(i.Manual) refers to bsp_oled_iic.o(i.oled_ShowCHinese) for oled_ShowCHinese
    menu.o(i.Manual) refers to bsp_oled_iic.o(i.oled_ShowString) for oled_ShowString
    menu.o(i.Manual) refers to key.o(.data) for isKey2
    menu.o(i.Manual) refers to menu.o(.data) for .data
    menu.o(i.Manual) refers to main.o(.data) for System
    menu.o(i.Mode_selection) refers to menu.o(i.Action) for Action
    menu.o(i.Mode_selection) refers to bsp_oled_iic.o(i.oled_Clear) for oled_Clear
    menu.o(i.Mode_selection) refers to menu.o(i.Manual) for Manual
    menu.o(i.Mode_selection) refers to menu.o(i.Display) for Display
    menu.o(i.Mode_selection) refers to menu.o(i.Automatic) for Automatic
    menu.o(i.Mode_selection) refers to menu.o(i.Threshold_Settings) for Threshold_Settings
    menu.o(i.Mode_selection) refers to key.o(.data) for isKey1
    menu.o(i.Mode_selection) refers to menu.o(.data) for .data
    menu.o(i.Mode_selection) refers to main.o(.data) for System
    menu.o(i.Threshold_Settings) refers to menu.o(i.Asterisk) for Asterisk
    menu.o(i.Threshold_Settings) refers to bsp_oled_iic.o(i.oled_ShowCHinese) for oled_ShowCHinese
[...]
    ..\SYS\menu\menu.c                       0x00000000   Number         0  menu.o ABSOLUTE
    ..\SYS\my_usart\my_usart2.c              0x00000000   Number         0  my_usart2.o ABSOLUTE
    ..\SYS\sys.c                             0x00000000   Number         0  sys.o ABSOLUTE
    ..\SYS\time\time2.c                      0x00000000   Number         0  time2.o ABSOLUTE
    ..\User\adc\adc.c                        0x00000000   Number         0  adc.o ABSOLUTE
    ..\User\beep\bsp_beep.c                  0x00000000   Number         0  bsp_beep.o ABSOLUTE
    ..\User\delay\delay.c                    0x00000000   Number         0  delay.o ABSOLUTE
    ..\User\dht11\DHT11.c                    0x00000000   Number         0  dht11.o ABSOLUTE
    ..\User\illumination\illumination.c      0x00000000   Number         0  illumination.o ABSOLUTE
    ..\User\key\key.c                        0x00000000   Number         0  key.o ABSOLUTE
    ..\User\led\led.c                        0x00000000   Number         0  led.o ABSOLUTE
    ..\User\mqttwifi\esp8266_drv.c           0x00000000   Number         0  esp8266_drv.o ABSOLUTE
    ..\User\mqttwifi\mqtt_drv.c              0x00000000   Number         0  mqtt_drv.o ABSOLUTE
    ..\User\oled\bsp_oled_iic.c              0x00000000   Number         0  bsp_oled_iic.o ABSOLUTE
    ..\User\stm32f10x_it.c                   0x00000000   Number         0  stm32f10x_it.o ABSOLUTE
    ..\\Libraries\\CMSIS\\core_cm3.c         0x00000000   Number         0  core_cm3.o ABSOLUTE
    cdrcmple.s                               0x00000000   Number         0  cdrcmple.o ABSOLUTE
    cfcmple.s                                0x00000000   Number         0  cfcmple.o ABSOLUTE
    cfrcmple.s                               0x00000000   Number         0  cfrcmple.o ABSOLUTE
    dc.s                                     0x00000000   Number         0  dc.o ABSOLUTE
    handlers.s                               0x00000000   Number         0  handlers.o ABSOLUTE
    init.s                                   0x00000000   Number         0  init.o ABSOLUTE
    motor.c                                  0x00000000   Number         0  motor.o ABSOLUTE
    pid.c                                    0x00000000   Number         0  pid.o ABSOLUTE
    RESET                                    0x08000000   Section      236  startup_stm32f10x_md.o(RESET)
    .ARM.Collect$$$$00000000                 0x080000ec   Section        0  entry.o(.ARM.Collect$$$$00000000)
    .ARM.Collect$$$$00000001                 0x080000ec   Section        4  entry2.o(.ARM.Collect$$$$00000001)
    .ARM.Collect$$$$00000004                 0x080000f0   Section        4  entry5.o(.ARM.Collect$$$$00000004)
    .ARM.Collect$$$$00000008                 0x080000f4   Section        0  entry7b.o(.ARM.Collect$$$$00000008)
    .ARM.Collect$$$$0000000A                 0x080000f4   Section        0  entry8b.o(.ARM.Collect$$$$0000000A)
    .ARM.Collect$$$$0000000B                 0x080000f4   Section        8  entry9a.o(.ARM.Collect$$$$0000000B)
    .ARM.Collect$$$$0000000E                 0x080000fc   Section        4  entry12b.o(.ARM.Collect$$$$0000000E)
    .ARM.Collect$$$$0000000F                 0x08000100   Section        0  entry10a.o(.ARM.Collect$$$$0000000F)
    .ARM.Collect$$$$00000011                 0x08000100   Section        0  entry11a.o(.ARM.Collect$$$$00000011)
    .ARM.Collect$$$$00002712                 0x08000100   Section        4  entry2.o(.ARM.Collect$$$$00002712)
    __lit__00000000                          0x08000100   Data           4  entry2.o(.ARM.Collect$$$$00002712)
    .text                                    0x08000104   Section       36  startup_stm32f10x_md.o(.text)
    .text                                    0x08000128   Section        0  memcpya.o(.text)
    .text                                    0x0800014c   Section        0  memseta.o(.text)
    .text                                    0x08000170   Section        0  strstr.o(.text)
    .text                                    0x08000194   Section        0  strlen.o(.text)
    .text                                    0x080001a2   Section        0  fadd.o(.text)
    .text                                    0x08000252   Section        0  fmul.o(.text)
    .text                                    0x080002b6   Section        0  fdiv.o(.text)
    .text                                    0x08000332   Section        0  fflti.o(.text)
    .text                                    0x08000344   Section        0  ffltui.o(.text)
    .text                                    0x0800034e   Section        0  ffixi.o(.text)
    .text                                    0x08000380   Section        0  ffixui.o(.text)
    .text                                    0x080003a8   Section       20  cfcmple.o(.text)
    .text                                    0x080003bc   Section       20  cfrcmple.o(.text)
    .text                                    0x080003d0   Section        0  uidiv.o(.text)
    .text                                    0x080003fc   Section        0  uldiv.o(.text)
    .text                                    0x0800045e   Section        0  iusefp.o(.text)
    .text                                    0x0800045e   Section        0  fepilogue.o(.text)
    .text                                    0x080004cc   Section        0  dadd.o(.text)
    .text                                    0x0800061a   Section        0  dmul.o(.text)
    .text                                    0x080006fe   Section        0  ddiv.o(.text)
    .text                                    0x080007dc   Section        0  dfixul.o(.text)
    .text                                    0x0800080c   Section       48  cdrcmple.o(.text)
    .text                                    0x0800083c   Section       36  init.o(.text)
    .text                                    0x08000860   Section        0  llshl.o(.text)
    .text                                    0x0800087e   Section        0  llushr.o(.text)
    .text                                    0x0800089e   Section        0  llsshr.o(.text)
    .text                                    0x080008c2   Section        0  depilogue.o(.text)
    .text                                    0x0800097c   Section        0  __dczerorl2.o(.text)
    i.ADC_Cmd                                0x080009d2   Section        0  stm32f10x_adc.o(i.ADC_Cmd)
    i.ADC_DeInit                             0x080009ec   Section        0  stm32f10x_adc.o(i.ADC_DeInit)
    i.ADC_GetCalibrationStatus               0x08000a50   Section        0  stm32f10x_adc.o(i.ADC_GetCalibrationStatus)
    i.ADC_GetConversionValue                 0x08000a5e   Section        0  stm32f10x_adc.o(i.ADC_GetConversionValue)
    i.ADC_GetFlagStatus                      0x08000a64   Section        0  stm32f10x_adc.o(i.ADC_GetFlagStatus)
    i.ADC_GetResetCalibrationStatus          0x08000a72   Section        0  stm32f10x_adc.o(i.ADC_GetResetCalibrationStatus)
    i.ADC_Init                               0x08000a80   Section        0  stm32f10x_adc.o(i.ADC_Init)
    i.ADC_RegularChannelConfig               0x08000ac8   Section        0  stm32f10x_adc.o(i.ADC_RegularChannelConfig)
    i.ADC_ResetCalibration                   0x08000b3c   Section        0  stm32f10x_adc.o(i.ADC_ResetCalibration)
    i.ADC_SoftwareStartConvCmd               0x08000b46   Section        0  stm32f10x_adc.o(i.ADC_SoftwareStartConvCmd)
    i.ADC_StartCalibration                   0x08000b5e   Section        0  stm32f10x_adc.o(i.ADC_StartCalibration)
    i.Action                                 0x08000b68   Section        0  menu.o(i.Action)
    i.Adc_Init                               0x08000c1c   Section        0  adc.o(i.Adc_Init)
    i.Ali_MsessageInit                       0x08000ca4   Section        0  mqtt_drv.o(i.Ali_MsessageInit)
    i.Asterisk                               0x08000d18   Section        0  menu.o(i.Asterisk)
    i.Automatic                              0x08000db0   Section        0  menu.o(i.Automatic)
    i.BdgFlashInit                           0x08000e84   Section        0  bridgeflash.o(i.BdgFlashInit)
    i.BusFault_Handler                       0x08000ea4   Section        0  stm32f10x_it.o(i.BusFault_Handler)
    i.DHT11_Init                             0x08000ea8   Section        0  dht11.o(i.DHT11_Init)
    i.DHT11_Read_TempAndHumidity             0x08000ed8   Section        0  dht11.o(i.DHT11_Read_TempAndHumidity)
    i.DebugMon_Handler                       0x08000fe4   Section        0  stm32f10x_it.o(i.DebugMon_Handler)
    i.Delay_1ms                              0x08000fe6   Section        0  bsp_oled_iic.o(i.Delay_1ms)
    i.Display                                0x08000ffc   Section        0  menu.o(i.Display)
    i.ESP8266_reset                          0x08001138   Section        0  esp8266_drv.o(i.ESP8266_reset)
    i.ESP8266_run_handle                     0x080011a4   Section        0  esp8266_drv.o(i.ESP8266_run_handle)
    i.FLASH_ClearFlag                        0x08001318   Section        0  stm32f10x_flash.o(i.FLASH_ClearFlag)
    i.FLASH_ErasePage                        0x08001324   Section        0  stm32f10x_flash.o(i.FLASH_ErasePage)
    i.FLASH_ErasePage_user                   0x08001360   Section        0  bridgeflash.o(i.FLASH_ErasePage_user)
    i.FLASH_GetBank1Status                   0x08001388   Section        0  stm32f10x_flash.o(i.FLASH_GetBank1Status)
    i.FLASH_Lock                             0x080013b0   Section        0  stm32f10x_flash.o(i.FLASH_Lock)
    i.FLASH_ProgramHalfWord                  0x080013c0   Section        0  stm32f10x_flash.o(i.FLASH_ProgramHalfWord)
    i.FLASH_ReadData                         0x080013f4   Section        0  bridgeflash.o(i.FLASH_ReadData)
    i.FLASH_Unlock                           0x0800140c   Section        0  stm32f10x_flash.o(i.FLASH_Unlock)
    i.FLASH_WaitForLastOperation             0x08001424   Section        0  stm32f10x_flash.o(i.FLASH_WaitForLastOperation)
    i.FLASH_WriteData                        0x08001444   Section        0  bridgeflash.o(i.FLASH_WriteData)
    i.GPIO_Init                              0x0800148c   Section        0  stm32f10x_gpio.o(i.GPIO_Init)
    i.GPIO_ReadInputDataBit                  0x08001532   Section        0  stm32f10x_gpio.o(i.GPIO_ReadInputDataBit)
    i.GPIO_ResetBits                         0x08001540   Section        0  stm32f10x_gpio.o(i.GPIO_ResetBits)
    i.GPIO_SetBits                           0x08001544   Section        0  stm32f10x_gpio.o(i.GPIO_SetBits)
    i.GetSysTime_us                          0x08001548   Section        0  delay.o(i.GetSysTime_us)
    i.Get_Adc                                0x08001588   Section        0  adc.o(i.Get_Adc)
    i.Get_Adc_Average                        0x080015bc   Section        0  adc.o(i.Get_Adc_Average)
    i.HAL_Delay                              0x080015ea   Section        0  delay.o(i.HAL_Delay)
    i.HAL_GetTick                            0x08001600   Section        0  delay.o(i.HAL_GetTick)
    i.HardFault_Handler                      0x0800160c   Section        0  stm32f10x_it.o(i.HardFault_Handler)
    i.I2C_SendByte                           0x08001610   Section        0  bsp_oled_iic.o(i.I2C_SendByte)
    I2C_SendByte                             0x08001611   Thumb Code    70  bsp_oled_iic.o(i.I2C_SendByte)
    i.I2C_Start                              0x0800165c   Section        0  bsp_oled_iic.o(i.I2C_Start)
    I2C_Start                                0x0800165d   Thumb Code    54  bsp_oled_iic.o(i.I2C_Start)
    i.I2C_Stop                               0x08001698   Section        0  bsp_oled_iic.o(i.I2C_Stop)
    I2C_Stop                                 0x08001699   Thumb Code    40  bsp_oled_iic.o(i.I2C_Stop)
    i.I2C_WaitAck                            0x080016c4   Section        0  bsp_oled_iic.o(i.I2C_WaitAck)
    I2C_WaitAck                              0x080016c5   Thumb Code    60  bsp_oled_iic.o(i.I2C_WaitAck)
    i.I2C_delay                              0x08001704   Section        0  bsp_oled_iic.o(i.I2C_delay)
    I2C_delay                                0x08001705   Thumb Code    12  bsp_oled_iic.o(i.I2C_delay)
    i.KEY_Init                               0x08001710   Section        0  key.o(i.KEY_Init)
    i.Key1Press                              0x08001750   Section        0  key.o(i.Key1Press)
    i.Key2Press                              0x08001764   Section        0  key.o(i.Key2Press)
    i.Key3Press                              0x08001778   Section        0  key.o(i.Key3Press)
    i.Key4Press                              0x0800178c   Section        0  key.o(i.Key4Press)
    i.KeyScan                                0x080017a0   Section        0  key.o(i.KeyScan)
    i.LED_GPIO_Config                        0x080018d0   Section        0  led.o(i.LED_GPIO_Config)
    i.MQTT_Buff_Init                         0x080018fc   Section        0  mqtt_drv.o(i.MQTT_Buff_Init)
    i.Manual                                 0x08001920   Section        0  menu.o(i.Manual)
    i.MemManage_Handler                      0x08001ac0   Section        0  stm32f10x_it.o(i.MemManage_Handler)
    i.Mode_selection                         0x08001ac4   Section        0  menu.o(i.Mode_selection)
    i.Motor_PWM_Init                         0x08001b60   Section        0  motor.o(i.Motor_PWM_Init)
    i.MqttCon_Display                        0x08001c08   Section        0  esp8266_drv.o(i.MqttCon_Display)
    i.Mqtt_ConnectMessege                    0x08001ca8   Section        0  mqtt_drv.o(i.Mqtt_ConnectMessege)
    i.Mqtt_Parameter_init                    0x08001d94   Section        0  esp8266_drv.o(i.Mqtt_Parameter_init)
    i.Mqtt_Subscribe                         0x08001e34   Section        0  mqtt_drv.o(i.Mqtt_Subscribe)
    i.My_USART2                              0x08001ec8   Section        0  my_usart2.o(i.My_USART2)
    i.NMI_Handler                            0x08001f54   Section        0  stm32f10x_it.o(i.NMI_Handler)
    i.NVIC_Config                            0x08001f56   Section        0  sys.o(i.NVIC_Config)
    i.NVIC_Init                              0x08001f98   Section        0  misc.o(i.NVIC_Init)
    i.NVIC_PriorityGroupConfig               0x08001ffc   Section        0  misc.o(i.NVIC_PriorityGroupConfig)
    i.NVIC_SetPriority                       0x08002010   Section        0  delay.o(i.NVIC_SetPriority)
    NVIC_SetPriority                         0x08002011   Thumb Code    32  delay.o(i.NVIC_SetPriority)
    i.OLED_Set_Pos                           0x08002030   Section        0  bsp_oled_iic.o(i.OLED_Set_Pos)
    i.OLED_ShowChar                          0x08002058   Section        0  bsp_oled_iic.o(i.OLED_ShowChar)
    i.OLED_ShowDNum                          0x080020e8   Section        0  bsp_oled_iic.o(i.OLED_ShowDNum)
    i.OLED_WR_Byte                           0x08002128   Section        0  bsp_oled_iic.o(i.OLED_WR_Byte)
    i.PID_Compute                            0x08002150   Section        0  pid.o(i.PID_Compute)
    i.PID_Init                               0x080021be   Section        0  pid.o(i.PID_Init)
    i.PendSV_Handler                         0x080021dc   Section        0  stm32f10x_it.o(i.PendSV_Handler)
    i.RCC_ADCCLKConfig                       0x080021e0   Section        0  stm32f10x_rcc.o(i.RCC_ADCCLKConfig)
    i.RCC_APB1PeriphClockCmd                 0x080021f4   Section        0  stm32f10x_rcc.o(i.RCC_APB1PeriphClockCmd)
    i.RCC_APB2PeriphClockCmd                 0x08002210   Section        0  stm32f10x_rcc.o(i.RCC_APB2PeriphClockCmd)
    i.RCC_APB2PeriphResetCmd                 0x0800222c   Section        0  stm32f10x_rcc.o(i.RCC_APB2PeriphResetCmd)
    i.RCC_GetClocksFreq                      0x08002248   Section        0  stm32f10x_rcc.o(i.RCC_GetClocksFreq)
    i.R_to_Lux                               0x080022f4   Section        0  illumination.o(i.R_to_Lux)
    i.SVC_Handler                            0x08002394   Section        0  stm32f10x_it.o(i.SVC_Handler)
    i.Scheduled                              0x08002398   Section        0  esp8266_drv.o(i.Scheduled)
    i.SetSysClock                            0x080023e4   Section        0  system_stm32f10x.o(i.SetSysClock)
    SetSysClock                              0x080023e5   Thumb Code     4  system_stm32f10x.o(i.SetSysClock)
    i.SetSysClockTo72                        0x080023e8   Section        0  system_stm32f10x.o(i.SetSysClockTo72)
    SetSysClockTo72                          0x080023e9   Thumb Code   166  system_stm32f10x.o(i.SetSysClockTo72)
    i.Set_Fan_Speed                          0x08002498   Section        0  motor.o(i.Set_Fan_Speed)
    i.Set_Pump_Speed                         0x080024a4   Section        0  motor.o(i.Set_Pump_Speed)
    i.Single_Write                           0x080024b0   Section        0  bsp_oled_iic.o(i.Single_Write)
    i.SysTick_Handler                        0x080024f8   Section        0  stm32f10x_it.o(i.SysTick_Handler)
    i.SystemInit                             0x08002508   Section        0  system_stm32f10x.o(i.SystemInit)
    i.TIM2_IRQHandler                        0x08002558   Section        0  time2.o(i.TIM2_IRQHandler)
    i.TIM2_Init                              0x0800257a   Section        0  time2.o(i.TIM2_Init)
    i.TIM_ClearITPendingBit                  0x080025ba   Section        0  stm32f10x_tim.o(i.TIM_ClearITPendingBit)
    i.TIM_Cmd                                0x080025c0   Section        0  stm32f10x_tim.o(i.TIM_Cmd)
    i.TIM_GetITStatus                        0x080025d8   Section        0  stm32f10x_tim.o(i.TIM_GetITStatus)
    i.TIM_ITConfig                           0x080025f0   Section        0  stm32f10x_tim.o(i.TIM_ITConfig)
    i.TIM_OC1Init                            0x08002604   Section        0  stm32f10x_tim.o(i.TIM_OC1Init)
    i.TIM_OC1PreloadConfig                   0x0800268c   Section        0  stm32f10x_tim.o(i.TIM_OC1PreloadConfig)
    i.TIM_OC2Init                            0x08002698   Section        0  stm32f10x_tim.o(i.TIM_OC2Init)
    i.TIM_OC2PreloadConfig                   0x08002720   Section        0  stm32f10x_tim.o(i.TIM_OC2PreloadConfig)
    i.TIM_SetCompare1                        0x08002734   Section        0  stm32f10x_tim.o(i.TIM_SetCompare1)
    i.TIM_SetCompare2                        0x08002738   Section        0  stm32f10x_tim.o(i.TIM_SetCompare2)
    i.TIM_TimeBaseInit                       0x0800273c   Section        0  stm32f10x_tim.o(i.TIM_TimeBaseInit)
    i.Threshold_Init                         0x080027d8   Section        0  bridgeflash.o(i.Threshold_Init)
    i.Threshold_Settings                     0x08002838   Section        0  menu.o(i.Threshold_Settings)
    i.Topic_Display                          0x080029fc   Section        0  esp8266_drv.o(i.Topic_Display)
    i.USART2_IRQHandler                      0x08002a48   Section        0  esp8266_drv.o(i.USART2_IRQHandler)
    i.USART_ClearFlag                        0x08002a54   Section        0  stm32f10x_usart.o(i.USART_ClearFlag)
    i.USART_Cmd                              0x08002a5c   Section        0  stm32f10x_usart.o(i.USART_Cmd)
    i.USART_ITConfig                         0x08002a74   Section        0  stm32f10x_usart.o(i.USART_ITConfig)
    i.USART_Init                             0x08002aac   Section        0  stm32f10x_usart.o(i.USART_Init)
    i.USART_rcv_ch                           0x08002b68   Section        0  esp8266_drv.o(i.USART_rcv_ch)
    i.USARTx_RCVHandler                      0x08002b88   Section        0  esp8266_drv.o(i.USARTx_RCVHandler)
    i.UsageFault_Handler                     0x08002bc0   Section        0  stm32f10x_it.o(i.UsageFault_Handler)
    i.WIFI_RESET_init                        0x08002bc4   Section        0  esp8266_drv.o(i.WIFI_RESET_init)
    i.__0sprintf                             0x08002bf0   Section        0  printfa.o(i.__0sprintf)
    i.__scatterload_copy                     0x08002c18   Section       14  handlers.o(i.__scatterload_copy)
    i.__scatterload_null                     0x08002c26   Section        2  handlers.o(i.__scatterload_null)
    i.__scatterload_zeroinit                 0x08002c28   Section       14  handlers.o(i.__scatterload_zeroinit)
    i._fp_digits                             0x08002c38   Section        0  printfa.o(i._fp_digits)
    _fp_digits                               0x08002c39   Thumb Code   366  printfa.o(i._fp_digits)
    i._printf_core                           0x08002dbc   Section        0  printfa.o(i._printf_core)
    _printf_core                             0x08002dbd   Thumb Code  1704  printfa.o(i._printf_core)
    i._printf_post_padding                   0x08003470   Section        0  printfa.o(i._printf_post_padding)
    _printf_post_padding                     0x08003471   Thumb Code    36  printfa.o(i._printf_post_padding)
    i._printf_pre_padding                    0x08003494   Section        0  printfa.o(i._printf_pre_padding)
    _printf_pre_padding                      0x08003495   Thumb Code    46  printfa.o(i._printf_pre_padding)
    i._sputc                                 0x080034c2   Section        0  printfa.o(i._sputc)
    _sputc                                   0x080034c3   Thumb Code    10  printfa.o(i._sputc)
    i.delay5ms                               0x080034cc   Section        0  bsp_oled_iic.o(i.delay5ms)
    delay5ms                                 0x080034cd   Thumb Code    10  bsp_oled_iic.o(i.delay5ms)
    i.delay_init                             0x080034d8   Section        0  delay.o(i.delay_init)
    i.delay_ms                               0x08003534   Section        0  delay.o(i.delay_ms)
    i.get_round_num                          0x08003538   Section        0  esp8266_drv.o(i.get_round_num)
    i.get_sys_tick                           0x080035dc   Section        0  esp8266_drv.o(i.get_sys_tick)
    i.main                                   0x080035e8   Section        0  main.o(i.main)
    i.mqttPublic                             0x08003674   Section        0  esp8266_drv.o(i.mqttPublic)
    i.mqtt_Content                           0x080036d4   Section        0  mqtt_drv.o(i.mqtt_Content)
    i.mqtt_DealCmdSet                        0x08003ae4   Section        0  mqtt_drv.o(i.mqtt_DealCmdSet)
    i.mqtt_DealTxData                        0x08003b00   Section        0  mqtt_drv.o(i.mqtt_DealTxData)
    i.mqtt_Dealsetdata_Qs0                   0x08003b2c   Section        0  mqtt_drv.o(i.mqtt_Dealsetdata_Qs0)
    i.mqtt_Ping                              0x08003b74   Section        0  mqtt_drv.o(i.mqtt_Ping)
    i.mqtt_PublishQs0                        0x08003b88   Section        0  mqtt_drv.o(i.mqtt_PublishQs0)
    i.mqtt_TxData                            0x08003c18   Section        0  mqtt_drv.o(i.mqtt_TxData)
    i.oled_Clear                             0x08003c3a   Section        0  bsp_oled_iic.o(i.oled_Clear)
    i.oled_Init                              0x08003c74   Section        0  bsp_oled_iic.o(i.oled_Init)
    i.oled_ShowCHinese                       0x08003db4   Section        0  bsp_oled_iic.o(i.oled_ShowCHinese)
    i.oled_ShowNum                           0x08003e10   Section        0  bsp_oled_iic.o(i.oled_ShowNum)
    i.oled_ShowString                        0x08003e80   Section        0  bsp_oled_iic.o(i.oled_ShowString)
    i.oled_pow                               0x08003eb6   Section        0  bsp_oled_iic.o(i.oled_pow)
    i.period_get_server                      0x08003ec8   Section        0  mqtt_drv.o(i.period_get_server)
    i.read_config                            0x08003f20   Section        0  bridgeflash.o(i.read_config)
    i.save_Threshold                         0x08003f34   Section        0  bridgeflash.o(i.save_Threshold)
    i.send_data_to_dev                       0x08003f6c   Section        0  esp8266_drv.o(i.send_data_to_dev)
    i.time_to_data                           0x08003f94   Section        0  dht11.o(i.time_to_data)
    i.write_cmd                              0x08003fb4   Section        0  esp8266_drv.o(i.write_cmd)
    i.write_config                           0x08004048   Section        0  bridgeflash.o(i.write_config)
    .constdata                               0x0800405c   Section     5952  bsp_oled_iic.o(.constdata)
    F6x8                                     0x0800405c   Data         552  bsp_oled_iic.o(.constdata)
    F8X16                                    0x08004284   Data        1520  bsp_oled_iic.o(.constdata)
    Hzk                                      0x08004874   Data        3840  bsp_oled_iic.o(.constdata)
    .conststring                             0x0800579c   Section      135  esp8266_drv.o(.conststring)
    .data                                    0x20000000   Section        4  main.o(.data)
    .data                                    0x20000004   Section        4  main.o(.data)
    .data                                    0x20000008   Section        5  main.o(.data)
    .data                                    0x2000000e   Section       12  menu.o(.data)
    pid_hardware_init_flag                   0x20000012   Data           1  menu.o(.data)
    fan_pwm_output                           0x20000014   Data           2  menu.o(.data)
    pump_pwm_output                          0x20000016   Data           2  menu.o(.data)
    pid_tick                                 0x20000018   Data           2  menu.o(.data)
    .data                                    0x2000001c   Section       12  key.o(.data)
    keyCount                                 0x20000020   Data           4  key.o(.data)
    keyState                                 0x20000024   Data           4  key.o(.data)
    .data                                    0x20000028   Section        1  bsp_oled_iic.o(.data)
    .data                                    0x2000002c   Section       32  illumination.o(.data)
    .data                                    0x2000004c   Section       16  dht11.o(.data)
    last_up_tick_us                          0x20000050   Data           4  dht11.o(.data)
    present_dowm_tick_us                     0x20000054   Data           4  dht11.o(.data)
    waite_in_ms                              0x20000058   Data           4  dht11.o(.data)
    .data                                    0x2000005c   Section        6  dht11.o(.data)
    .data                                    0x20000064   Section     2232  esp8266_drv.o(.data)
    reset_stu                                0x20000064   Data           1  esp8266_drv.o(.data)
    reset_start_cnt                          0x2000006c   Data           4  esp8266_drv.o(.data)
    last_mqtt_heart_cnt                      0x20000070   Data           4  esp8266_drv.o(.data)
    last_subscirbe_tick                      0x20000074   Data           4  esp8266_drv.o(.data)
    mqtt_pub_cnt                             0x20000078   Data           4  esp8266_drv.o(.data)
    .data                                    0x2000091c   Section       28  mqtt_drv.o(.data)
    .data                                    0x20000938   Section        4  delay.o(.data)
    .data                                    0x2000093c   Section       20  system_stm32f10x.o(.data)
    .data                                    0x20000950   Section       20  stm32f10x_rcc.o(.data)
    ADCPrescTable                            0x20000950   Data           4  stm32f10x_rcc.o(.data)
    APBAHBPrescTable                         0x20000954   Data          16  stm32f10x_rcc.o(.data)
    .bss                                     0x20000964   Section       80  menu.o(.bss)
    Fan_PID                                  0x20000964   Data          40  menu.o(.bss)
    Pump_PID                                 0x2000098c   Data          40  menu.o(.bss)
    .bss                                     0x200009b4   Section      512  bridgeflash.o(.bss)
    .bss                                     0x20000bb4   Section      200  dht11.o(.bss)
    .bss                                     0x20000c7c   Section      448  esp8266_drv.o(.bss)
    .bss                                     0x20000e3c   Section     3590  mqtt_drv.o(.bss)
    STACK                                    0x20001c48   Section     1024  startup_stm32f10x_md.o(STACK)

    Global Symbols

    Symbol Name                              Value     Ov Type        Size  Object(Section)

    BuildAttributes$$THM_ISAv4$P$D$K$B$S$PE$A:L22UL41UL21$X:L11$S22US41US21$IEEE1$IW$USESV6$~STKCKD$USESV7$~SHL$OTIME$ROPI$EBA8$MICROLIB$REQ8$PRES8$EABIv2 0x00000000   Number         0  anon$$obj.o ABSOLUTE
    __ARM_use_no_argv                        0x00000000   Number         0  main.o ABSOLUTE
    _printf_a                                0x00000000   Number         0  stubs.o ABSOLUTE
    _printf_c                                0x00000000   Number         0  stubs.o ABSOLUTE
    _printf_charcount                        0x00000000   Number         0  stubs.o ABSOLUTE
    _printf_d                                0x00000000   Number         0  stubs.o ABSOLUTE
    _printf_e                                0x00000000   Number         0  stubs.o ABSOLUTE
    _printf_f                                0x00000000   Number         0  stubs.o ABSOLUTE
    _printf_flags                            0x00000000   Number         0  stubs.o ABSOLUTE
    _printf_fp_dec                           0x00000000   Number         0  stubs.o ABSOLUTE
    _printf_fp_hex                           0x00000000   Number         0  stubs.o ABSOLUTE
    _printf_g                                0x00000000   Number         0  stubs.o ABSOLUTE
    _printf_i                                0x00000000   Number         0  stubs.o ABSOLUTE
    _printf_int_dec                          0x00000000   Number         0  stubs.o ABSOLUTE
    _printf_l                                0x00000000   Number         0  stubs.o ABSOLUTE
    _printf_lc                               0x00000000   Number         0  stubs.o ABSOLUTE
    _printf_ll                               0x00000000   Number         0  stubs.o ABSOLUTE
    _printf_lld                              0x00000000   Number         0  stubs.o ABSOLUTE
    _printf_lli                              0x00000000   Number         0  stubs.o ABSOLUTE
    _printf_llo                              0x00000000   Number         0  stubs.o ABSOLUTE
    _printf_llu                              0x00000000   Number         0  stubs.o ABSOLUTE
    _printf_llx                              0x00000000   Number         0  stubs.o ABSOLUTE
    _printf_longlong_dec                     0x00000000   Number         0  stubs.o ABSOLUTE
    _printf_longlong_hex                     0x00000000   Number         0  stubs.o ABSOLUTE
    _printf_longlong_oct                     0x00000000   Number         0  stubs.o ABSOLUTE
    _printf_ls                               0x00000000   Number         0  stubs.o ABSOLUTE
    _printf_mbtowc                           0x00000000   Number         0  stubs.o ABSOLUTE
    _printf_n                                0x00000000   Number         0  stubs.o ABSOLUTE
    _printf_o                                0x00000000   Number         0  stubs.o ABSOLUTE
    _printf_p                                0x00000000   Number         0  stubs.o ABSOLUTE
    _printf_percent                          0x00000000   Number         0  stubs.o ABSOLUTE
    _printf_pre_padding                      0x00000000   Number         0  stubs.o ABSOLUTE
    _printf_return_value                     0x00000000   Number         0  stubs.o ABSOLUTE
    _printf_s                                0x00000000   Number         0  stubs.o ABSOLUTE
    _printf_sizespec                         0x00000000   Number         0  stubs.o ABSOLUTE
    _printf_str                              0x00000000   Number         0  stubs.o ABSOLUTE
    _printf_truncate_signed                  0x00000000   Number         0  stubs.o ABSOLUTE
    _printf_truncate_unsigned                0x00000000   Number         0  stubs.o ABSOLUTE
    _printf_u                                0x00000000   Number         0  stubs.o ABSOLUTE
    _printf_wc                               0x00000000   Number         0  stubs.o ABSOLUTE
    _printf_wctomb                           0x00000000   Number         0  stubs.o ABSOLUTE
    _printf_widthprec                        0x00000000   Number         0  stubs.o ABSOLUTE
    _printf_x                                0x00000000   Number         0  stubs.o ABSOLUTE
    __arm_fini_                               - Undefined Weak Reference
    __cpp_initialize__aeabi_                  - Undefined Weak Reference
    __cxa_finalize                            - Undefined Weak Reference
    _clock_init                               - Undefined Weak Reference
    _microlib_exit                            - Undefined Weak Reference
    __Vectors_Size                           0x000000ec   Number         0  startup_stm32f10x_md.o ABSOLUTE
    __Vectors                                0x08000000   Data           4  startup_stm32f10x_md.o(RESET)
    __Vectors_End                            0x080000ec   Data           0  startup_stm32f10x_md.o(RESET)
    __main                                   0x080000ed   Thumb Code     0  entry.o(.ARM.Collect$$$$00000000)
    _main_stk                                0x080000ed   Thumb Code     0  entry2.o(.ARM.Collect$$$$00000001)
    _main_scatterload                        0x080000f1   Thumb Code     0  entry5.o(.ARM.Collect$$$$00000004)
    __main_after_scatterload                 0x080000f5   Thumb Code     0  entry5.o(.ARM.Collect$$$$00000004)
    _main_clock                              0x080000f5   Thumb Code     0  entry7b.o(.ARM.Collect$$$$00000008)
    _main_cpp_init                           0x080000f5   Thumb Code     0  entry8b.o(.ARM.Collect$$$$0000000A)
    _main_init                               0x080000f5   Thumb Code     0  entry9a.o(.ARM.Collect$$$$0000000B)
    __rt_lib_shutdown_fini                   0x080000fd   Thumb Code     0  entry12b.o(.ARM.Collect$$$$0000000E)
    __rt_final_cpp                           0x08000101   Thumb Code     0  entry10a.o(.ARM.Collect$$$$0000000F)
    __rt_final_exit                          0x08000101   Thumb Code     0  entry11a.o(.ARM.Collect$$$$00000011)
    Reset_Handler                            0x08000105   Thumb Code     8  startup_stm32f10x_md.o(.text)
    ADC1_2_IRQHandler                        0x0800011f   Thumb Code     0  startup_stm32f10x_md.o(.text)
    CAN1_RX1_IRQHandler                      0x0800011f   Thumb Code     0  startup_stm32f10x_md.o(.text)
    CAN1_SCE_IRQHandler                      0x0800011f   Thumb Code     0  startup_stm32f10x_md.o(.text)
    DMA1_Channel1_IRQHandler                 0x0800011f   Thumb Code     0  startup_stm32f10x_md.o(.text)
    DMA1_Channel2_IRQHandler                 0x0800011f   Thumb Code     0  startup_stm32f10x_md.o(.text)
    DMA1_Channel3_IRQHandler                 0x0800011f   Thumb Code     0  startup_stm32f10x_md.o(.text)
    DMA1_Channel4_IRQHandler                 0x0800011f   Thumb Code     0  startup_stm32f10x_md.o(.text)
    DMA1_Channel5_IRQHandler                 0x0800011f   Thumb Code     0  startup_stm32f10x_md.o(.text)
    DMA1_Channel6_IRQHandler                 0x0800011f   Thumb Code     0  startup_stm32f10x_md.o(.text)
    DMA1_Channel7_IRQHandler                 0x0800011f   Thumb Code     0  startup_stm32f10x_md.o(.text)
    EXTI0_IRQHandler                         0x0800011f   Thumb Code     0  startup_stm32f10x_md.o(.text)
    EXTI15_10_IRQHandler                     0x0800011f   Thumb Code     0  startup_stm32f10x_md.o(.text)
    EXTI1_IRQHandler                         0x0800011f   Thumb Code     0  startup_stm32f10x_md.o(.text)
    EXTI2_IRQHandler                         0x0800011f   Thumb Code     0  startup_stm32f10x_md.o(.text)
    EXTI3_IRQHandler                         0x0800011f   Thumb Code     0  startup_stm32f10x_md.o(.text)
    EXTI4_IRQHandler                         0x0800011f   Thumb Code     0  startup_stm32f10x_md.o(.text)
    EXTI9_5_IRQHandler                       0x0800011f   Thumb Code     0  startup_stm32f10x_md.o(.text)
    FLASH_IRQHandler                         0x0800011f   Thumb Code     0  startup_stm32f10x_md.o(.text)
    I2C1_ER_IRQHandler                       0x0800011f   Thumb Code     0  startup_stm32f10x_md.o(.text)
    I2C1_EV_IRQHandler                       0x0800011f   Thumb Code     0  startup_stm32f10x_md.o(.text)
    I2C2_ER_IRQHandler                       0x0800011f   Thumb Code     0  startup_stm32f10x_md.o(.text)
    I2C2_EV_IRQHandler                       0x0800011f   Thumb Code     0  startup_stm32f10x_md.o(.text)
    PVD_IRQHandler                           0x0800011f   Thumb Code     0  startup_stm32f10x_md.o(.text)
    RCC_IRQHandler                           0x0800011f   Thumb Code     0  startup_stm32f10x_md.o(.text)
    RTCAlarm_IRQHandler                      0x0800011f   Thumb Code     0  startup_stm32f10x_md.o(.text)
    RTC_IRQHandler                           0x0800011f   Thumb Code     0  startup_stm32f10x_md.o(.text)
    SPI1_IRQHandler                          0x0800011f   Thumb Code     0  startup_stm32f10x_md.o(.text)
    SPI2_IRQHandler                          0x0800011f   Thumb Code     0  startup_stm32f10x_md.o(.text)
    TAMPER_IRQHandler                        0x0800011f   Thumb Code     0  startup_stm32f10x_md.o(.text)
    TIM1_BRK_IRQHandler                      0x0800011f   Thumb Code     0  startup_stm32f10x_md.o(.text)
    TIM1_CC_IRQHandler                       0x0800011f   Thumb Code     0  startup_stm32f10x_md.o(.text)
    TIM1_TRG_COM_IRQHandler                  0x0800011f   Thumb Code     0  startup_stm32f10x_md.o(.text)
    TIM1_UP_IRQHandler                       0x0800011f   Thumb Code     0  startup_stm32f10x_md.o(.text)
    TIM3_IRQHandler                          0x0800011f   Thumb Code     0  startup_stm32f10x_md.o(.text)
    TIM4_IRQHandler                          0x0800011f   Thumb Code     0  startup_stm32f10x_md.o(.text)
    USART1_IRQHandler                        0x0800011f   Thumb Code     0  startup_stm32f10x_md.o(.text)
    USART3_IRQHandler                        0x0800011f   Thumb Code     0  startup_stm32f10x_md.o(.text)
    USBWakeUp_IRQHandler                     0x0800011f   Thumb Code     0  startup_stm32f10x_md.o(.text)
    USB_HP_CAN1_TX_IRQHandler                0x0800011f   Thumb Code     0  startup_stm32f10x_md.o(.text)
    USB_LP_CAN1_RX0_IRQHandler               0x0800011f   Thumb Code     0  startup_stm32f10x_md.o(.text)
    WWDG_IRQHandler                          0x0800011f   Thumb Code     0  startup_stm32f10x_md.o(.text)
    __aeabi_memcpy                           0x08000129   Thumb Code    36  memcpya.o(.text)
    __aeabi_memcpy4                          0x08000129   Thumb Code     0  memcpya.o(.text)
    __aeabi_memcpy8                          0x08000129   Thumb Code     0  memcpya.o(.text)
    __aeabi_memset                           0x0800014d   Thumb Code    14  memseta.o(.text)
    __aeabi_memset4                          0x0800014d   Thumb Code     0  memseta.o(.text)
    __aeabi_memset8                          0x0800014d   Thumb Code     0  memseta.o(.text)
    __aeabi_memclr                           0x0800015b   Thumb Code     4  memseta.o(.text)
    __aeabi_memclr4                          0x0800015b   Thumb Code     0  memseta.o(.text)
    __aeabi_memclr8                          0x0800015b   Thumb Code     0  memseta.o(.text)
    _memset$wrapper                          0x0800015f   Thumb Code    18  memseta.o(.text)
    strstr                                   0x08000171   Thumb Code    36  strstr.o(.text)
    strlen                                   0x08000195   Thumb Code    14  strlen.o(.text)
    __aeabi_fadd                             0x080001a3   Thumb Code   164  fadd.o(.text)
    __aeabi_fsub                             0x08000247   Thumb Code     6  fadd.o(.text)
    __aeabi_frsub                            0x0800024d   Thumb Code     6  fadd.o(.text)
    __aeabi_fmul                             0x08000253   Thumb Code   100  fmul.o(.text)
    __aeabi_fdiv                             0x080002b7   Thumb Code   124  fdiv.o(.text)
    __aeabi_i2f                              0x08000333   Thumb Code    18  fflti.o(.text)
    __aeabi_ui2f                             0x08000345   Thumb Code    10  ffltui.o(.text)
    __aeabi_f2iz                             0x0800034f   Thumb Code    50  ffixi.o(.text)
    __aeabi_f2uiz                            0x08000381   Thumb Code    40  ffixui.o(.text)
    __aeabi_cfcmpeq                          0x080003a9   Thumb Code     0  cfcmple.o(.text)
    __aeabi_cfcmple                          0x080003a9   Thumb Code    20  cfcmple.o(.text)
    __aeabi_cfrcmple                         0x080003bd   Thumb Code    20  cfrcmple.o(.text)
    __aeabi_uidiv                            0x080003d1   Thumb Code     0  uidiv.o(.text)
    __aeabi_uidivmod                         0x080003d1   Thumb Code    44  uidiv.o(.text)
    __aeabi_uldivmod                         0x080003fd   Thumb Code    98  uldiv.o(.text)
    __I$use$fp                               0x0800045f   Thumb Code     0  iusefp.o(.text)
    _float_round                             0x0800045f   Thumb Code    18  fepilogue.o(.text)
    _float_epilogue                          0x08000471   Thumb Code    92  fepilogue.o(.text)
    __aeabi_dadd                             0x080004cd   Thumb Code   322  dadd.o(.text)
    __aeabi_dsub                             0x0800060f   Thumb Code     6  dadd.o(.text)
    __aeabi_drsub                            0x08000615   Thumb Code     6  dadd.o(.text)
    __aeabi_dmul                             0x0800061b   Thumb Code   228  dmul.o(.text)
    __aeabi_ddiv                             0x080006ff   Thumb Code   222  ddiv.o(.text)
    __aeabi_d2ulz                            0x080007dd   Thumb Code    48  dfixul.o(.text)
    __aeabi_cdrcmple                         0x0800080d   Thumb Code    48  cdrcmple.o(.text)
    __scatterload                            0x0800083d   Thumb Code    28  init.o(.text)
    __scatterload_rt2                        0x0800083d   Thumb Code     0  init.o(.text)
    __aeabi_llsl                             0x08000861   Thumb Code    30  llshl.o(.text)
    _ll_shift_l                              0x08000861   Thumb Code     0  llshl.o(.text)
    __aeabi_llsr                             0x0800087f   Thumb Code    32  llushr.o(.text)
    _ll_ushift_r                             0x0800087f   Thumb Code     0  llushr.o(.text)
    __aeabi_lasr                             0x0800089f   Thumb Code    36  llsshr.o(.text)
    _ll_sshift_r                             0x0800089f   Thumb Code     0  llsshr.o(.text)
    _double_round                            0x080008c3   Thumb Code    30  depilogue.o(.text)
    _double_epilogue                         0x080008e1   Thumb Code   156  depilogue.o(.text)
    __decompress                             0x0800097d   Thumb Code     0  __dczerorl2.o(.text)
    __decompress1                            0x0800097d   Thumb Code    86  __dczerorl2.o(.text)
    ADC_Cmd                                  0x080009d3   Thumb Code    24  stm32f10x_adc.o(i.ADC_Cmd)
    ADC_DeInit                               0x080009ed   Thumb Code    88  stm32f10x_adc.o(i.ADC_DeInit)
    ADC_GetCalibrationStatus                 0x08000a51   Thumb Code    14  stm32f10x_adc.o(i.ADC_GetCalibrationStatus)
    ADC_GetConversionValue                   0x08000a5f   Thumb Code     6  stm32f10x_adc.o(i.ADC_GetConversionValue)
    ADC_GetFlagStatus                        0x08000a65   Thumb Code    14  stm32f10x_adc.o(i.ADC_GetFlagStatus)
    ADC_GetResetCalibrationStatus            0x08000a73   Thumb Code    14  stm32f10x_adc.o(i.ADC_GetResetCalibrationStatus)
    ADC_Init                                 0x08000a81   Thumb Code    62  stm32f10x_adc.o(i.ADC_Init)
    ADC_RegularChannelConfig                 0x08000ac9   Thumb Code   116  stm32f10x_adc.o(i.ADC_RegularChannelConfig)
    ADC_ResetCalibration                     0x08000b3d   Thumb Code    10  stm32f10x_adc.o(i.ADC_ResetCalibration)
    ADC_SoftwareStartConvCmd                 0x08000b47   Thumb Code    24  stm32f10x_adc.o(i.ADC_SoftwareStartConvCmd)
    ADC_StartCalibration                     0x08000b5f   Thumb Code    10  stm32f10x_adc.o(i.ADC_StartCalibration)
    Action                                   0x08000b69   Thumb Code   146  menu.o(i.Action)
    Adc_Init                                 0x08000c1d   Thumb Code   126  adc.o(i.Adc_Init)
    Ali_MsessageInit                         0x08000ca5   Thumb Code    94  mqtt_drv.o(i.Ali_MsessageInit)
    Asterisk                                 0x08000d19   Thumb Code   144  menu.o(i.Asterisk)
    Automatic                                0x08000db1   Thumb Code   190  menu.o(i.Automatic)
    BdgFlashInit                             0x08000e85   Thumb Code    32  bridgeflash.o(i.BdgFlashInit)
    BusFault_Handler                         0x08000ea5   Thumb Code     2  stm32f10x_it.o(i.BusFault_Handler)
    DHT11_Init                               0x08000ea9   Thumb Code    44  dht11.o(i.DHT11_Init)
    DHT11_Read_TempAndHumidity               0x08000ed9   Thumb Code   256  dht11.o(i.DHT11_Read_TempAndHumidity)
    DebugMon_Handler                         0x08000fe5   Thumb Code     2  stm32f10x_it.o(i.DebugMon_Handler)
    Delay_1ms                                0x08000fe7   Thumb Code    20  bsp_oled_iic.o(i.Delay_1ms)
    Display                                  0x08000ffd   Thumb Code   288  menu.o(i.Display)
    ESP8266_reset                            0x08001139   Thumb Code    98  esp8266_drv.o(i.ESP8266_reset)
    ESP8266_run_handle                       0x080011a5   Thumb Code   258  esp8266_drv.o(i.ESP8266_run_handle)
    FLASH_ClearFlag                          0x08001319   Thumb Code     6  stm32f10x_flash.o(i.FLASH_ClearFlag)
    FLASH_ErasePage                          0x08001325   Thumb Code    56  stm32f10x_flash.o(i.FLASH_ErasePage)
    FLASH_ErasePage_user                     0x08001361   Thumb Code    40  bridgeflash.o(i.FLASH_ErasePage_user)
    FLASH_GetBank1Status                     0x08001389   Thumb Code    34  stm32f10x_flash.o(i.FLASH_GetBank1Status)
    FLASH_Lock                               0x080013b1   Thumb Code    12  stm32f10x_flash.o(i.FLASH_Lock)
    FLASH_ProgramHalfWord                    0x080013c1   Thumb Code    48  stm32f10x_flash.o(i.FLASH_ProgramHalfWord)
    FLASH_ReadData                           0x080013f5   Thumb Code    24  bridgeflash.o(i.FLASH_ReadData)
    FLASH_Unlock                             0x0800140d   Thumb Code    12  stm32f10x_flash.o(i.FLASH_Unlock)
    FLASH_WaitForLastOperation               0x08001425   Thumb Code    32  stm32f10x_flash.o(i.FLASH_WaitForLastOperation)
    FLASH_WriteData                          0x08001445   Thumb Code    72  bridgeflash.o(i.FLASH_WriteData)
    GPIO_Init                                0x0800148d   Thumb Code   166  stm32f10x_gpio.o(i.GPIO_Init)
    GPIO_ReadInputDataBit                    0x08001533   Thumb Code    14  stm32f10x_gpio.o(i.GPIO_ReadInputDataBit)
    GPIO_ResetBits                           0x08001541   Thumb Code     4  stm32f10x_gpio.o(i.GPIO_ResetBits)
    GPIO_SetBits                             0x08001545   Thumb Code     4  stm32f10x_gpio.o(i.GPIO_SetBits)
    GetSysTime_us                            0x08001549   Thumb Code    50  delay.o(i.GetSysTime_us)
    Get_Adc                                  0x08001589   Thumb Code    46  adc.o(i.Get_Adc)
    Get_Adc_Average                          0x080015bd   Thumb Code    46  adc.o(i.Get_Adc_Average)
    HAL_Delay                                0x080015eb   Thumb Code    22  delay.o(i.HAL_Delay)
    HAL_GetTick                              0x08001601   Thumb Code     6  delay.o(i.HAL_GetTick)
    HardFault_Handler                        0x0800160d   Thumb Code     2  stm32f10x_it.o(i.HardFault_Handler)
    KEY_Init                                 0x08001711   Thumb Code    60  key.o(i.KEY_Init)
    Key1Press                                0x08001751   Thumb Code    14  key.o(i.Key1Press)
    Key2Press                                0x08001765   Thumb Code    14  key.o(i.Key2Press)
    Key3Press                                0x08001779   Thumb Code    14  key.o(i.Key3Press)
    Key4Press                                0x0800178d   Thumb Code    14  key.o(i.Key4Press)
    KeyScan                                  0x080017a1   Thumb Code   296  key.o(i.KeyScan)
    LED_GPIO_Config                          0x080018d1   Thumb Code    40  led.o(i.LED_GPIO_Config)
    MQTT_Buff_Init                           0x080018fd   Thumb Code    24  mqtt_drv.o(i.MQTT_Buff_Init)
    Manual                                   0x08001921   Thumb Code   396  menu.o(i.Manual)
    MemManage_Handler                        0x08001ac1   Thumb Code     2  stm32f10x_it.o(i.MemManage_Handler)
    Mode_selection                           0x08001ac5   Thumb Code   132  menu.o(i.Mode_selection)
    Motor_PWM_Init                           0x08001b61   Thumb Code   158  motor.o(i.Motor_PWM_Init)
    MqttCon_Display                          0x08001c09   Thumb Code   104  esp8266_drv.o(i.MqttCon_Display)
    Mqtt_ConnectMessege                      0x08001ca9   Thumb Code   218  mqtt_drv.o(i.Mqtt_ConnectMessege)
    Mqtt_Parameter_init                      0x08001d95   Thumb Code   100  esp8266_drv.o(i.Mqtt_Parameter_init)
    Mqtt_Subscribe                           0x08001e35   Thumb Code   144  mqtt_drv.o(i.Mqtt_Subscribe)
    My_USART2                                0x08001ec9   Thumb Code   130  my_usart2.o(i.My_USART2)
    NMI_Handler                              0x08001f55   Thumb Code     2  stm32f10x_it.o(i.NMI_Handler)
    NVIC_Config                              0x08001f57   Thumb Code    66  sys.o(i.NVIC_Config)
    NVIC_Init                                0x08001f99   Thumb Code    96  misc.o(i.NVIC_Init)
    NVIC_PriorityGroupConfig                 0x08001ffd   Thumb Code    10  misc.o(i.NVIC_PriorityGroupConfig)
    OLED_Set_Pos                             0x08002031   Thumb Code    40  bsp_oled_iic.o(i.OLED_Set_Pos)
    OLED_ShowChar                            0x08002059   Thumb Code   134  bsp_oled_iic.o(i.OLED_ShowChar)
    OLED_ShowDNum                            0x080020e9   Thumb Code    54  bsp_oled_iic.o(i.OLED_ShowDNum)
    OLED_WR_Byte                             0x08002129   Thumb Code    36  bsp_oled_iic.o(i.OLED_WR_Byte)
    PID_Compute                              0x08002151   Thumb Code   110  pid.o(i.PID_Compute)
    PID_Init                                 0x080021bf   Thumb Code    30  pid.o(i.PID_Init)
    PendSV_Handler                           0x080021dd   Thumb Code     2  stm32f10x_it.o(i.PendSV_Handler)
    RCC_ADCCLKConfig                         0x080021e1   Thumb Code    14  stm32f10x_rcc.o(i.RCC_ADCCLKConfig)
    RCC_APB1PeriphClockCmd                   0x080021f5   Thumb Code    22  stm32f10x_rcc.o(i.RCC_APB1PeriphClockCmd)
    RCC_APB2PeriphClockCmd                   0x08002211   Thumb Code    22  stm32f10x_rcc.o(i.RCC_APB2PeriphClockCmd)
    RCC_APB2PeriphResetCmd                   0x0800222d   Thumb Code    22  stm32f10x_rcc.o(i.RCC_APB2PeriphResetCmd)
    RCC_GetClocksFreq                        0x08002249   Thumb Code   154  stm32f10x_rcc.o(i.RCC_GetClocksFreq)
    R_to_Lux                                 0x080022f5   Thumb Code   156  illumination.o(i.R_to_Lux)
    SVC_Handler                              0x08002395   Thumb Code     2  stm32f10x_it.o(i.SVC_Handler)
    Scheduled                                0x08002399   Thumb Code    60  esp8266_drv.o(i.Scheduled)
    Set_Fan_Speed                            0x08002499   Thumb Code     8  motor.o(i.Set_Fan_Speed)
    Set_Pump_Speed                           0x080024a5   Thumb Code     8  motor.o(i.Set_Pump_Speed)
    Single_Write                             0x080024b1   Thumb Code    70  bsp_oled_iic.o(i.Single_Write)
    SysTick_Handler                          0x080024f9   Thumb Code    10  stm32f10x_it.o(i.SysTick_Handler)
    SystemInit                               0x08002509   Thumb Code    64  system_stm32f10x.o(i.SystemInit)
    TIM2_IRQHandler                          0x08002559   Thumb Code    34  time2.o(i.TIM2_IRQHandler)
    TIM2_Init                                0x0800257b   Thumb Code    64  time2.o(i.TIM2_Init)
    TIM_ClearITPendingBit                    0x080025bb   Thumb Code     6  stm32f10x_tim.o(i.TIM_ClearITPendingBit)
    TIM_Cmd                                  0x080025c1   Thumb Code    24  stm32f10x_tim.o(i.TIM_Cmd)
    TIM_GetITStatus                          0x080025d9   Thumb Code    24  stm32f10x_tim.o(i.TIM_GetITStatus)
    TIM_ITConfig                             0x080025f1   Thumb Code    20  stm32f10x_tim.o(i.TIM_ITConfig)
    TIM_OC1Init                              0x08002605   Thumb Code   114  stm32f10x_tim.o(i.TIM_OC1Init)
    TIM_OC1PreloadConfig                     0x0800268d   Thumb Code    12  stm32f10x_tim.o(i.TIM_OC1PreloadConfig)
    TIM_OC2Init                              0x08002699   Thumb Code   128  stm32f10x_tim.o(i.TIM_OC2Init)
    TIM_OC2PreloadConfig                     0x08002721   Thumb Code    20  stm32f10x_tim.o(i.TIM_OC2PreloadConfig)
    TIM_SetCompare1                          0x08002735   Thumb Code     4  stm32f10x_tim.o(i.TIM_SetCompare1)
    TIM_SetCompare2                          0x08002739   Thumb Code     4  stm32f10x_tim.o(i.TIM_SetCompare2)
    TIM_TimeBaseInit                         0x0800273d   Thumb Code   114  stm32f10x_tim.o(i.TIM_TimeBaseInit)
    Threshold_Init                           0x080027d9   Thumb Code    84  bridgeflash.o(i.Threshold_Init)
    Threshold_Settings                       0x08002839   Thumb Code   426  menu.o(i.Threshold_Settings)
    Topic_Display                            0x080029fd   Thumb Code    56  esp8266_drv.o(i.Topic_Display)
    USART2_IRQHandler                        0x08002a49   Thumb Code     6  esp8266_drv.o(i.USART2_IRQHandler)
    USART_ClearFlag                          0x08002a55   Thumb Code     8  stm32f10x_usart.o(i.USART_ClearFlag)
    USART_Cmd                                0x08002a5d   Thumb Code    24  stm32f10x_usart.o(i.USART_Cmd)
    USART_ITConfig                           0x08002a75   Thumb Code    54  stm32f10x_usart.o(i.USART_ITConfig)
    USART_Init                               0x08002aad   Thumb Code   182  stm32f10x_usart.o(i.USART_Init)
    USART_rcv_ch                             0x08002b69   Thumb Code    32  esp8266_drv.o(i.USART_rcv_ch)
    USARTx_RCVHandler                        0x08002b89   Thumb Code    48  esp8266_drv.o(i.USARTx_RCVHandler)
    UsageFault_Handler                       0x08002bc1   Thumb Code     2  stm32f10x_it.o(i.UsageFault_Handler)
    WIFI_RESET_init                          0x08002bc5   Thumb Code    38  esp8266_drv.o(i.WIFI_RESET_init)
    __0sprintf                               0x08002bf1   Thumb Code    34  printfa.o(i.__0sprintf)
    __1sprintf                               0x08002bf1   Thumb Code     0  printfa.o(i.__0sprintf)
    __2sprintf                               0x08002bf1   Thumb Code     0  printfa.o(i.__0sprintf)
    __c89sprintf                             0x08002bf1   Thumb Code     0  printfa.o(i.__0sprintf)
    sprintf                                  0x08002bf1   Thumb Code     0  printfa.o(i.__0sprintf)
    __scatterload_copy                       0x08002c19   Thumb Code    14  handlers.o(i.__scatterload_copy)
    __scatterload_null                       0x08002c27   Thumb Code     2  handlers.o(i.__scatterload_null)
    __scatterload_zeroinit                   0x08002c29   Thumb Code    14  handlers.o(i.__scatterload_zeroinit)
    delay_init                               0x080034d9   Thumb Code    84  delay.o(i.delay_init)
    delay_ms                                 0x08003535   Thumb Code     4  delay.o(i.delay_ms)
    get_round_num                            0x08003539   Thumb Code   156  esp8266_drv.o(i.get_round_num)
    get_sys_tick                             0x080035dd   Thumb Code     6  esp8266_drv.o(i.get_sys_tick)
    main                                     0x080035e9   Thumb Code   130  main.o(i.main)
    mqttPublic                               0x08003675   Thumb Code    74  esp8266_drv.o(i.mqttPublic)
    mqtt_Content                             0x080036d5   Thumb Code   730  mqtt_drv.o(i.mqtt_Content)
    mqtt_DealCmdSet                          0x08003ae5   Thumb Code    20  mqtt_drv.o(i.mqtt_DealCmdSet)
    mqtt_DealTxData                          0x08003b01   Thumb Code    40  mqtt_drv.o(i.mqtt_DealTxData)
    mqtt_Dealsetdata_Qs0                     0x08003b2d   Thumb Code    70  mqtt_drv.o(i.mqtt_Dealsetdata_Qs0)
    mqtt_Ping                                0x08003b75   Thumb Code    16  mqtt_drv.o(i.mqtt_Ping)
    mqtt_PublishQs0                          0x08003b89   Thumb Code   138  mqtt_drv.o(i.mqtt_PublishQs0)
    mqtt_TxData                              0x08003c19   Thumb Code    34  mqtt_drv.o(i.mqtt_TxData)
    oled_Clear                               0x08003c3b   Thumb Code    58  bsp_oled_iic.o(i.oled_Clear)
    oled_Init                                0x08003c75   Thumb Code   314  bsp_oled_iic.o(i.oled_Init)
    oled_ShowCHinese                         0x08003db5   Thumb Code    88  bsp_oled_iic.o(i.oled_ShowCHinese)
    oled_ShowNum                             0x08003e11   Thumb Code   112  bsp_oled_iic.o(i.oled_ShowNum)
    oled_ShowString                          0x08003e81   Thumb Code    54  bsp_oled_iic.o(i.oled_ShowString)
    oled_pow                                 0x08003eb7   Thumb Code    16  bsp_oled_iic.o(i.oled_pow)
    period_get_server                        0x08003ec9   Thumb Code    76  mqtt_drv.o(i.period_get_server)
    read_config                              0x08003f21   Thumb Code    12  bridgeflash.o(i.read_config)
    save_Threshold                           0x08003f35   Thumb Code    48  bridgeflash.o(i.save_Threshold)
    send_data_to_dev                         0x08003f6d   Thumb Code    34  esp8266_drv.o(i.send_data_to_dev)
    time_to_data                             0x08003f95   Thumb Code    32  dht11.o(i.time_to_data)
    write_cmd                                0x08003fb5   Thumb Code   142  esp8266_drv.o(i.write_cmd)
    write_config                             0x08004049   Thumb Code    12  bridgeflash.o(i.write_config)
    Region$$Table$$Base                      0x08005824   Number         0  anon$$obj.o(Region$$Table)
    Region$$Table$$Limit                     0x08005844   Number         0  anon$$obj.o(Region$$Table)
    SensorData                               0x20000000   Data           4  main.o(.data)
    Threshold                                0x20000004   Data           4  main.o(.data)
    System                                   0x20000008   Data           5  main.o(.data)
    mode_selection                           0x2000000e   Data           1  menu.o(.data)
    displayFlag                              0x2000000f   Data           1  menu.o(.data)
    thresholdFlag                            0x20000010   Data           1  menu.o(.data)
    manualFlag                               0x20000011   Data           1  menu.o(.data)
    isKey1                                   0x2000001c   Data           1  key.o(.data)
    isKey2                                   0x2000001d   Data           1  key.o(.data)
    isKey3                                   0x2000001e   Data           1  key.o(.data)
    isKey4                                   0x2000001f   Data           1  key.o(.data)
    OLED_IIC_stu                             0x20000028   Data           1  bsp_oled_iic.o(.data)
    Lux_Table                                0x2000002c   Data          32  illumination.o(.data)
    dht11_delay_ms                           0x2000004c   Data           4  dht11.o(.data)
    dht11Data                                0x2000005c   Data           6  dht11.o(.data)
    ServerPort                               0x20000068   Data           4  esp8266_drv.o(.data)
    strEsp8266_cmd                           0x2000007c   Data        2080  esp8266_drv.o(.data)
    ServerIP                                 0x2000089c   Data         128  esp8266_drv.o(.data)
    ConnectPack_flag                         0x2000091c   Data           1  mqtt_drv.o(.data)
    SubscribePack_flag                       0x2000091d   Data           1  mqtt_drv.o(.data)
    Ping_flag                                0x2000091e   Data           1  mqtt_drv.o(.data)
    is_new_CMD_rx                            0x2000091f   Data           1  mqtt_drv.o(.data)
    mqtt_RxInPtr                             0x20000920   Data           4  mqtt_drv.o(.data)
    mqtt_RxOutPtr                            0x20000924   Data           4  mqtt_drv.o(.data)
    mqtt_RxEndPtr                            0x20000928   Data           4  mqtt_drv.o(.data)
    clientid_size                            0x2000092c   Data           4  mqtt_drv.o(.data)
    username_size                            0x20000930   Data           4  mqtt_drv.o(.data)
    passward_size                            0x20000934   Data           4  mqtt_drv.o(.data)
    sysTickUptime                            0x20000938   Data           4  delay.o(.data)
    SystemCoreClock                          0x2000093c   Data           4  system_stm32f10x.o(.data)
    AHBPrescTable                            0x20000940   Data          16  system_stm32f10x.o(.data)
    strConfig_info                           0x200009b4   Data         512  bridgeflash.o(.bss)
    DHT11_us                                 0x20000bb4   Data         200  dht11.o(.bss)
    strEsp8266_info                          0x20000c7c   Data          16  esp8266_drv.o(.bss)
    strEsp8266_rcv                           0x20000c8c   Data         264  esp8266_drv.o(.bss)
    strMqtt_Inof                             0x20000d94   Data         168  esp8266_drv.o(.bss)
    mqtt_buff                                0x20000e3c   Data         400  mqtt_drv.o(.bss)
    mqtt_RxBuf                               0x20000fcc   Data        1750  mqtt_drv.o(.bss)
    clientid                                 0x200016a2   Data         128  mqtt_drv.o(.bss)
    lex                                      0x20001722   Data         256  mqtt_drv.o(.bss)
    username                                 0x20001822   Data         128  mqtt_drv.o(.bss)
    passward                                 0x200018a2   Data         128  mqtt_drv.o(.bss)
    Tx_Buff                                  0x20001922   Data         400  mqtt_drv.o(.bss)
    CMD_rx_buff                              0x20001ab2   Data         400  mqtt_drv.o(.bss)
    __initial_sp                             0x20002048   Data           0  startup_stm32f10x_md.o(STACK)



==============================================================================

Memory Map of the image

  Image Entry point : 0x080000ed

  Load Region LR_IROM1 (Base: 0x08000000, Size: 0x000061a8, Max: 0x00010000, ABSOLUTE, COMPRESSED[0x00005908])

    Execution Region ER_IROM1 (Exec base: 0x08000000, Load base: 0x08000000, Size: 0x00005844, Max: 0x00010000, ABSOLUTE)

    Exec Addr    Load Addr    Size         Type   Attr      Idx    E Section Name        Object

    0x08000000   0x08000000   0x000000ec   Data   RO         1113    RESET               startup_stm32f10x_md.o
    0x080000ec   0x080000ec   0x00000000   Code   RO         4130  * .ARM.Collect$$$$00000000  mc_w.l(entry.o)
    0x080000ec   0x080000ec   0x00000004   Code   RO         4424    .ARM.Collect$$$$00000001  mc_w.l(entry2.o)
    0x080000f0   0x080000f0   0x00000004   Code   RO         4427    .ARM.Collect$$$$00000004  mc_w.l(entry5.o)
    0x080000f4   0x080000f4   0x00000000   Code   RO         4429    .ARM.Collect$$$$00000008  mc_w.l(entry7b.o)
    0x080000f4   0x080000f4   0x00000000   Code   RO         4431    .ARM.Collect$$$$0000000A  mc_w.l(entry8b.o)
    0x080000f4   0x080000f4   0x00000008   Code   RO         4432    .ARM.Collect$$$$0000000B  mc_w.l(entry9a.o)
    0x080000fc   0x080000fc   0x00000004   Code   RO         4439    .ARM.Collect$$$$0000000E  mc_w.l(entry12b.o)
    0x08000100   0x08000100   0x00000000   Code   RO         4434    .ARM.Collect$$$$0000000F  mc_w.l(entry10a.o)
    0x08000100   0x08000100   0x00000000   Code   RO         4436    .ARM.Collect$$$$00000011  mc_w.l(entry11a.o)
    0x08000100   0x08000100   0x00000004   Code   RO         4425    .ARM.Collect$$$$00002712  mc_w.l(entry2.o)
    0x08000104   0x08000104   0x00000024   Code   RO         1114    .text               startup_stm32f10x_md.o
    0x08000128   0x08000128   0x00000024   Code   RO         4133    .text               mc_w.l(memcpya.o)
    0x0800014c   0x0800014c   0x00000024   Code   RO         4135    .text               mc_w.l(memseta.o)
    0x08000170   0x08000170   0x00000024   Code   RO         4137    .text               mc_w.l(strstr.o)
    0x08000194   0x08000194   0x0000000e   Code   RO         4139    .text               mc_w.l(strlen.o)
    0x080001a2   0x080001a2   0x000000b0   Code   RO         4404    .text               mf_w.l(fadd.o)
    0x08000252   0x08000252   0x00000064   Code   RO         4406    .text               mf_w.l(fmul.o)
    0x080002b6   0x080002b6   0x0000007c   Code   RO         4408    .text               mf_w.l(fdiv.o)
    0x08000332   0x08000332   0x00000012   Code   RO         4410    .text               mf_w.l(fflti.o)
    0x08000344   0x08000344   0x0000000a   Code   RO         4412    .text               mf_w.l(ffltui.o)
    0x0800034e   0x0800034e   0x00000032   Code   RO         4414    .text               mf_w.l(ffixi.o)
    0x08000380   0x08000380   0x00000028   Code   RO         4416    .text               mf_w.l(ffixui.o)
    0x080003a8   0x080003a8   0x00000014   Code   RO         4420    .text               mf_w.l(cfcmple.o)
    0x080003bc   0x080003bc   0x00000014   Code   RO         4422    .text               mf_w.l(cfrcmple.o)
    0x080003d0   0x080003d0   0x0000002c   Code   RO         4441    .text               mc_w.l(uidiv.o)
    0x080003fc   0x080003fc   0x00000062   Code   RO         4443    .text               mc_w.l(uldiv.o)
    0x0800045e   0x0800045e   0x00000000   Code   RO         4445    .text               mc_w.l(iusefp.o)
    0x0800045e   0x0800045e   0x0000006e   Code   RO         4446    .text               mf_w.l(fepilogue.o)
    0x080004cc   0x080004cc   0x0000014e   Code   RO         4448    .text               mf_w.l(dadd.o)
    0x0800061a   0x0800061a   0x000000e4   Code   RO         4450    .text               mf_w.l(dmul.o)
    0x080006fe   0x080006fe   0x000000de   Code   RO         4452    .text               mf_w.l(ddiv.o)
    0x080007dc   0x080007dc   0x00000030   Code   RO         4454    .text               mf_w.l(dfixul.o)
    0x0800080c   0x0800080c   0x00000030   Code   RO         4456    .text               mf_w.l(cdrcmple.o)
    0x0800083c   0x0800083c   0x00000024   Code   RO         4458    .text               mc_w.l(init.o)
    0x08000860   0x08000860   0x0000001e   Code   RO         4460    .text               mc_w.l(llshl.o)
    0x0800087e   0x0800087e   0x00000020   Code   RO         4462    .text               mc_w.l(llushr.o)
    0x0800089e   0x0800089e   0x00000024   Code   RO         4464    .text               mc_w.l(llsshr.o)
    0x080008c2   0x080008c2   0x000000ba   Code   RO         4466    .text               mf_w.l(depilogue.o)
    0x0800097c   0x0800097c   0x00000056   Code   RO         4476    .text               mc_w.l(__dczerorl2.o)
    0x080009d2   0x080009d2   0x00000018   Code   RO         1205    i.ADC_Cmd           stm32f10x_adc.o
    0x080009ea   0x080009ea   0x00000002   PAD
    0x080009ec   0x080009ec   0x00000064   Code   RO         1207    i.ADC_DeInit        stm32f10x_adc.o
    0x08000a50   0x08000a50   0x0000000e   Code   RO         1213    i.ADC_GetCalibrationStatus  stm32f10x_adc.o
    0x08000a5e   0x08000a5e   0x00000006   Code   RO         1214    i.ADC_GetConversionValue  stm32f10x_adc.o
    0x08000a64   0x08000a64   0x0000000e   Code   RO         1216    i.ADC_GetFlagStatus  stm32f10x_adc.o
    0x08000a72   0x08000a72   0x0000000e   Code   RO         1219    i.ADC_GetResetCalibrationStatus  stm32f10x_adc.o
    0x08000a80   0x08000a80   0x00000048   Code   RO         1223    i.ADC_Init          stm32f10x_adc.o
    0x08000ac8   0x08000ac8   0x00000074   Code   RO         1227    i.ADC_RegularChannelConfig  stm32f10x_adc.o
    0x08000b3c   0x08000b3c   0x0000000a   Code   RO         1228    i.ADC_ResetCalibration  stm32f10x_adc.o
    0x08000b46   0x08000b46   0x00000018   Code   RO         1230    i.ADC_SoftwareStartConvCmd  stm32f10x_adc.o
    0x08000b5e   0x08000b5e   0x0000000a   Code   RO         1232    i.ADC_StartCalibration  stm32f10x_adc.o
    0x08000b68   0x08000b68   0x000000b4   Code   RO          186    i.Action            menu.o
    0x08000c1c   0x08000c1c   0x00000088   Code   RO          722    i.Adc_Init          adc.o
    0x08000ca4   0x08000ca4   0x00000074   Code   RO          907    i.Ali_MsessageInit  mqtt_drv.o
    0x08000d18   0x08000d18   0x00000098   Code   RO          187    i.Asterisk          menu.o
    0x08000db0   0x08000db0   0x000000d4   Code   RO          188    i.Automatic         menu.o
    0x08000e84   0x08000e84   0x00000020   Code   RO          281    i.BdgFlashInit      bridgeflash.o
    0x08000ea4   0x08000ea4   0x00000002   Code   RO          459    i.BusFault_Handler  stm32f10x_it.o
    0x08000ea6   0x08000ea6   0x00000002   PAD
    0x08000ea8   0x08000ea8   0x00000030   Code   RO          761    i.DHT11_Init        dht11.o
    0x08000ed8   0x08000ed8   0x0000010c   Code   RO          762    i.DHT11_Read_TempAndHumidity  dht11.o
    0x08000fe4   0x08000fe4   0x00000002   Code   RO          460    i.DebugMon_Handler  stm32f10x_it.o
    0x08000fe6   0x08000fe6   0x00000014   Code   RO          523    i.Delay_1ms         bsp_oled_iic.o
    0x08000ffa   0x08000ffa   0x00000002   PAD
    0x08000ffc   0x08000ffc   0x0000013c   Code   RO          189    i.Display           menu.o
    0x08001138   0x08001138   0x0000006c   Code   RO          793    i.ESP8266_reset     esp8266_drv.o
    0x080011a4   0x080011a4   0x00000174   Code   RO          794    i.ESP8266_run_handle  esp8266_drv.o
    0x08001318   0x08001318   0x0000000c   Code   RO         2014    i.FLASH_ClearFlag   stm32f10x_flash.o
    0x08001324   0x08001324   0x0000003c   Code   RO         2019    i.FLASH_ErasePage   stm32f10x_flash.o
    0x08001360   0x08001360   0x00000028   Code   RO          282    i.FLASH_ErasePage_user  bridgeflash.o
    0x08001388   0x08001388   0x00000028   Code   RO         2020    i.FLASH_GetBank1Status  stm32f10x_flash.o
    0x080013b0   0x080013b0   0x00000010   Code   RO         2029    i.FLASH_Lock        stm32f10x_flash.o
    0x080013c0   0x080013c0   0x00000034   Code   RO         2032    i.FLASH_ProgramHalfWord  stm32f10x_flash.o
    0x080013f4   0x080013f4   0x00000018   Code   RO          283    i.FLASH_ReadData    bridgeflash.o
    0x0800140c   0x0800140c   0x00000018   Code   RO         2037    i.FLASH_Unlock      stm32f10x_flash.o
    0x08001424   0x08001424   0x00000020   Code   RO         2041    i.FLASH_WaitForLastOperation  stm32f10x_flash.o
    0x08001444   0x08001444   0x00000048   Code   RO          284    i.FLASH_WriteData   bridgeflash.o
    0x0800148c   0x0800148c   0x000000a6   Code   RO         2314    i.GPIO_Init         stm32f10x_gpio.o
    0x08001532   0x08001532   0x0000000e   Code   RO         2318    i.GPIO_ReadInputDataBit  stm32f10x_gpio.o
    0x08001540   0x08001540   0x00000004   Code   RO         2321    i.GPIO_ResetBits    stm32f10x_gpio.o
    0x08001544   0x08001544   0x00000004   Code   RO         2322    i.GPIO_SetBits      stm32f10x_gpio.o
    0x08001548   0x08001548   0x00000040   Code   RO         1054    i.GetSysTime_us     delay.o
    0x08001588   0x08001588   0x00000034   Code   RO          723    i.Get_Adc           adc.o
    0x080015bc   0x080015bc   0x0000002e   Code   RO          724    i.Get_Adc_Average   adc.o
    0x080015ea   0x080015ea   0x00000016   Code   RO         1055    i.HAL_Delay         delay.o
    0x08001600   0x08001600   0x0000000c   Code   RO         1056    i.HAL_GetTick       delay.o
    0x0800160c   0x0800160c   0x00000002   Code   RO          461    i.HardFault_Handler  stm32f10x_it.o
    0x0800160e   0x0800160e   0x00000002   PAD
    0x08001610   0x08001610   0x0000004c   Code   RO          527    i.I2C_SendByte      bsp_oled_iic.o
    0x0800165c   0x0800165c   0x0000003c   Code   RO          528    i.I2C_Start         bsp_oled_iic.o
    0x08001698   0x08001698   0x0000002c   Code   RO          529    i.I2C_Stop          bsp_oled_iic.o
    0x080016c4   0x080016c4   0x00000040   Code   RO          530    i.I2C_WaitAck       bsp_oled_iic.o
    0x08001704   0x08001704   0x0000000c   Code   RO          531    i.I2C_delay         bsp_oled_iic.o
    0x08001710   0x08001710   0x00000040   Code   RO          411    i.KEY_Init          key.o
    0x08001750   0x08001750   0x00000014   Code   RO          412    i.Key1Press         key.o
    0x08001764   0x08001764   0x00000014   Code   RO          413    i.Key2Press         key.o
    0x08001778   0x08001778   0x00000014   Code   RO          414    i.Key3Press         key.o
    0x0800178c   0x0800178c   0x00000014   Code   RO          415    i.Key4Press         key.o
    0x080017a0   0x080017a0   0x00000130   Code   RO          416    i.KeyScan           key.o
    0x080018d0   0x080018d0   0x0000002c   Code   RO          399    i.LED_GPIO_Config   led.o
    0x080018fc   0x080018fc   0x00000024   Code   RO          908    i.MQTT_Buff_Init    mqtt_drv.o
    0x08001920   0x08001920   0x000001a0   Code   RO          190    i.Manual            menu.o
    0x08001ac0   0x08001ac0   0x00000002   Code   RO          462    i.MemManage_Handler  stm32f10x_it.o
    0x08001ac2   0x08001ac2   0x00000002   PAD
    0x08001ac4   0x08001ac4   0x0000009c   Code   RO          191    i.Mode_selection    menu.o
    0x08001b60   0x08001b60   0x000000a8   Code   RO         1006    i.Motor_PWM_Init    motor.o
    0x08001c08   0x08001c08   0x000000a0   Code   RO          795    i.MqttCon_Display   esp8266_drv.o
    0x08001ca8   0x08001ca8   0x000000ec   Code   RO          909    i.Mqtt_ConnectMessege  mqtt_drv.o
    0x08001d94   0x08001d94   0x000000a0   Code   RO          796    i.Mqtt_Parameter_init  esp8266_drv.o
    0x08001e34   0x08001e34   0x00000094   Code   RO          910    i.Mqtt_Subscribe    mqtt_drv.o
    0x08001ec8   0x08001ec8   0x0000008c   Code   RO          342    i.My_USART2         my_usart2.o
    0x08001f54   0x08001f54   0x00000002   Code   RO          463    i.NMI_Handler       stm32f10x_it.o
    0x08001f56   0x08001f56   0x00000042   Code   RO          269    i.NVIC_Config       sys.o
    0x08001f98   0x08001f98   0x00000064   Code   RO         1163    i.NVIC_Init         misc.o
    0x08001ffc   0x08001ffc   0x00000014   Code   RO         1164    i.NVIC_PriorityGroupConfig  misc.o
    0x08002010   0x08002010   0x00000020   Code   RO         1057    i.NVIC_SetPriority  delay.o
    0x08002030   0x08002030   0x00000028   Code   RO          534    i.OLED_Set_Pos      bsp_oled_iic.o
    0x08002058   0x08002058   0x00000090   Code   RO          535    i.OLED_ShowChar     bsp_oled_iic.o
    0x080020e8   0x080020e8   0x00000040   Code   RO          536    i.OLED_ShowDNum     bsp_oled_iic.o
    0x08002128   0x08002128   0x00000028   Code   RO          538    i.OLED_WR_Byte      bsp_oled_iic.o
    0x08002150   0x08002150   0x0000006e   Code   RO         1033    i.PID_Compute       pid.o
    0x080021be   0x080021be   0x0000001e   Code   RO         1034    i.PID_Init          pid.o
    0x080021dc   0x080021dc   0x00000002   Code   RO          464    i.PendSV_Handler    stm32f10x_it.o
    0x080021de   0x080021de   0x00000002   PAD
    0x080021e0   0x080021e0   0x00000014   Code   RO         2728    i.RCC_ADCCLKConfig  stm32f10x_rcc.o
    0x080021f4   0x080021f4   0x0000001c   Code   RO         2730    i.RCC_APB1PeriphClockCmd  stm32f10x_rcc.o
    0x08002210   0x08002210   0x0000001c   Code   RO         2732    i.RCC_APB2PeriphClockCmd  stm32f10x_rcc.o
    0x0800222c   0x0800222c   0x0000001c   Code   RO         2733    i.RCC_APB2PeriphResetCmd  stm32f10x_rcc.o
    0x08002248   0x08002248   0x000000ac   Code   RO         2740    i.RCC_GetClocksFreq  stm32f10x_rcc.o
    0x080022f4   0x080022f4   0x000000a0   Code   RO          746    i.R_to_Lux          illumination.o
    0x08002394   0x08002394   0x00000002   Code   RO          465    i.SVC_Handler       stm32f10x_it.o
    0x08002396   0x08002396   0x00000002   PAD
    0x08002398   0x08002398   0x0000004c   Code   RO          797    i.Scheduled         esp8266_drv.o
    0x080023e4   0x080023e4   0x00000004   Code   RO         1129    i.SetSysClock       system_stm32f10x.o
    0x080023e8   0x080023e8   0x000000b0   Code   RO         1130    i.SetSysClockTo72   system_stm32f10x.o
    0x08002498   0x08002498   0x0000000c   Code   RO         1007    i.Set_Fan_Speed     motor.o
    0x080024a4   0x080024a4   0x0000000c   Code   RO         1008    i.Set_Pump_Speed    motor.o
    0x080024b0   0x080024b0   0x00000046   Code   RO          540    i.Single_Write      bsp_oled_iic.o
    0x080024f6   0x080024f6   0x00000002   PAD
    0x080024f8   0x080024f8   0x00000010   Code   RO          466    i.SysTick_Handler   stm32f10x_it.o
    0x08002508   0x08002508   0x00000050   Code   RO         1132    i.SystemInit        system_stm32f10x.o
    0x08002558   0x08002558   0x00000022   Code   RO          251    i.TIM2_IRQHandler   time2.o
    0x0800257a   0x0800257a   0x00000040   Code   RO          252    i.TIM2_Init         time2.o
    0x080025ba   0x080025ba   0x00000006   Code   RO         3359    i.TIM_ClearITPendingBit  stm32f10x_tim.o
    0x080025c0   0x080025c0   0x00000018   Code   RO         3364    i.TIM_Cmd           stm32f10x_tim.o
    0x080025d8   0x080025d8   0x00000018   Code   RO         3385    i.TIM_GetITStatus   stm32f10x_tim.o
    0x080025f0   0x080025f0   0x00000014   Code   RO         3389    i.TIM_ITConfig      stm32f10x_tim.o
    0x08002604   0x08002604   0x00000088   Code   RO         3393    i.TIM_OC1Init       stm32f10x_tim.o
    0x0800268c   0x0800268c   0x0000000c   Code   RO         3396    i.TIM_OC1PreloadConfig  stm32f10x_tim.o
    0x08002698   0x08002698   0x00000088   Code   RO         3398    i.TIM_OC2Init       stm32f10x_tim.o
    0x08002720   0x08002720   0x00000014   Code   RO         3401    i.TIM_OC2PreloadConfig  stm32f10x_tim.o
    0x08002734   0x08002734   0x00000004   Code   RO         3425    i.TIM_SetCompare1   stm32f10x_tim.o
    0x08002738   0x08002738   0x00000004   Code   RO         3426    i.TIM_SetCompare2   stm32f10x_tim.o
    0x0800273c   0x0800273c   0x0000009c   Code   RO         3435    i.TIM_TimeBaseInit  stm32f10x_tim.o
    0x080027d8   0x080027d8   0x00000060   Code   RO          285    i.Threshold_Init    bridgeflash.o
    0x08002838   0x08002838   0x000001c4   Code   RO          192    i.Threshold_Settings  menu.o
    0x080029fc   0x080029fc   0x0000004c   Code   RO          798    i.Topic_Display     esp8266_drv.o
    0x08002a48   0x08002a48   0x0000000c   Code   RO          799    i.USART2_IRQHandler  esp8266_drv.o
    0x08002a54   0x08002a54   0x00000008   Code   RO         3896    i.USART_ClearFlag   stm32f10x_usart.o
    0x08002a5c   0x08002a5c   0x00000018   Code   RO         3900    i.USART_Cmd         stm32f10x_usart.o
    0x08002a74   0x08002a74   0x00000036   Code   RO         3906    i.USART_ITConfig    stm32f10x_usart.o
    0x08002aaa   0x08002aaa   0x00000002   PAD
    0x08002aac   0x08002aac   0x000000bc   Code   RO         3907    i.USART_Init        stm32f10x_usart.o
    0x08002b68   0x08002b68   0x00000020   Code   RO          800    i.USART_rcv_ch      esp8266_drv.o
    0x08002b88   0x08002b88   0x00000038   Code   RO          801    i.USARTx_RCVHandler  esp8266_drv.o
    0x08002bc0   0x08002bc0   0x00000002   Code   RO          467    i.UsageFault_Handler  stm32f10x_it.o
    0x08002bc2   0x08002bc2   0x00000002   PAD
    0x08002bc4   0x08002bc4   0x0000002c   Code   RO          802    i.WIFI_RESET_init   esp8266_drv.o
    0x08002bf0   0x08002bf0   0x00000028   Code   RO         4378    i.__0sprintf        mc_w.l(printfa.o)
    0x08002c18   0x08002c18   0x0000000e   Code   RO         4470    i.__scatterload_copy  mc_w.l(handlers.o)
    0x08002c26   0x08002c26   0x00000002   Code   RO         4471    i.__scatterload_null  mc_w.l(handlers.o)
    0x08002c28   0x08002c28   0x0000000e   Code   RO         4472    i.__scatterload_zeroinit  mc_w.l(handlers.o)
    0x08002c36   0x08002c36   0x00000002   PAD
    0x08002c38   0x08002c38   0x00000184   Code   RO         4383    i._fp_digits        mc_w.l(printfa.o)
    0x08002dbc   0x08002dbc   0x000006b4   Code   RO         4384    i._printf_core      mc_w.l(printfa.o)
    0x08003470   0x08003470   0x00000024   Code   RO         4385    i._printf_post_padding  mc_w.l(printfa.o)
    0x08003494   0x08003494   0x0000002e   Code   RO         4386    i._printf_pre_padding  mc_w.l(printfa.o)
    0x080034c2   0x080034c2   0x0000000a   Code   RO         4388    i._sputc            mc_w.l(printfa.o)
    0x080034cc   0x080034cc   0x0000000a   Code   RO          541    i.delay5ms          bsp_oled_iic.o
    0x080034d6   0x080034d6   0x00000002   PAD
    0x080034d8   0x080034d8   0x0000005c   Code   RO         1058    i.delay_init        delay.o
    0x08003534   0x08003534   0x00000004   Code   RO         1059    i.delay_ms          delay.o
    0x08003538   0x08003538   0x000000a4   Code   RO          804    i.get_round_num     esp8266_drv.o
    0x080035dc   0x080035dc   0x0000000c   Code   RO          805    i.get_sys_tick      esp8266_drv.o
    0x080035e8   0x080035e8   0x0000008c   Code   RO            1    i.main              main.o
    0x08003674   0x08003674   0x00000060   Code   RO          806    i.mqttPublic        esp8266_drv.o
    0x080036d4   0x080036d4   0x00000410   Code   RO          912    i.mqtt_Content      mqtt_drv.o
    0x08003ae4   0x08003ae4   0x0000001c   Code   RO          913    i.mqtt_DealCmdSet   mqtt_drv.o
    0x08003b00   0x08003b00   0x0000002c   Code   RO          914    i.mqtt_DealTxData   mqtt_drv.o
    0x08003b2c   0x08003b2c   0x00000046   Code   RO          915    i.mqtt_Dealsetdata_Qs0  mqtt_drv.o
    0x08003b72   0x08003b72   0x00000002   PAD
    0x08003b74   0x08003b74   0x00000014   Code   RO          916    i.mqtt_Ping         mqtt_drv.o
    0x08003b88   0x08003b88   0x00000090   Code   RO          917    i.mqtt_PublishQs0   mqtt_drv.o
    0x08003c18   0x08003c18   0x00000022   Code   RO          918    i.mqtt_TxData       mqtt_drv.o
    0x08003c3a   0x08003c3a   0x0000003a   Code   RO          543    i.oled_Clear        bsp_oled_iic.o
    0x08003c74   0x08003c74   0x00000140   Code   RO          549    i.oled_Init         bsp_oled_iic.o
    0x08003db4   0x08003db4   0x0000005c   Code   RO          551    i.oled_ShowCHinese  bsp_oled_iic.o
    0x08003e10   0x08003e10   0x00000070   Code   RO          552    i.oled_ShowNum      bsp_oled_iic.o
    0x08003e80   0x08003e80   0x00000036   Code   RO          553    i.oled_ShowString   bsp_oled_iic.o
    0x08003eb6   0x08003eb6   0x00000010   Code   RO          554    i.oled_pow          bsp_oled_iic.o
    0x08003ec6   0x08003ec6   0x00000002   PAD
    0x08003ec8   0x08003ec8   0x00000058   Code   RO          919    i.period_get_server  mqtt_drv.o
    0x08003f20   0x08003f20   0x00000014   Code   RO          286    i.read_config       bridgeflash.o
    0x08003f34   0x08003f34   0x00000038   Code   RO          287    i.save_Threshold    bridgeflash.o
    0x08003f6c   0x08003f6c   0x00000028   Code   RO          807    i.send_data_to_dev  esp8266_drv.o
    0x08003f94   0x08003f94   0x00000020   Code   RO          763    i.time_to_data      dht11.o
    0x08003fb4   0x08003fb4   0x00000094   Code   RO          808    i.write_cmd         esp8266_drv.o
    0x08004048   0x08004048   0x00000014   Code   RO          288    i.write_config      bridgeflash.o
    0x0800405c   0x0800405c   0x00001740   Data   RO          555    .constdata          bsp_oled_iic.o
    0x0800579c   0x0800579c   0x00000087   Data   RO          810    .conststring        esp8266_drv.o
    0x08005823   0x08005823   0x00000001   PAD
    0x08005824   0x08005824   0x00000020   Data   RO         4468    Region$$Table       anon$$obj.o


    Execution Region RW_IRAM1 (Exec base: 0x20000000, Load base: 0x08005844, Size: 0x00002048, Max: 0x00005000, ABSOLUTE, COMPRESSED[0x000000c4])

    Exec Addr    Load Addr    Size         Type   Attr      Idx    E Section Name        Object

    0x20000000   COMPRESSED   0x00000004   Data   RW            2    .data               main.o
    0x20000004   COMPRESSED   0x00000004   Data   RW            3    .data               main.o
    0x20000008   COMPRESSED   0x00000005   Data   RW            4    .data               main.o
    0x2000000d   COMPRESSED   0x00000001   PAD
    0x2000000e   COMPRESSED   0x0000000c   Data   RW          194    .data               menu.o
    0x2000001a   COMPRESSED   0x00000002   PAD
    0x2000001c   COMPRESSED   0x0000000c   Data   RW          417    .data               key.o
    0x20000028   COMPRESSED   0x00000001   Data   RW          556    .data               bsp_oled_iic.o
    0x20000029   COMPRESSED   0x00000003   PAD
    0x2000002c   COMPRESSED   0x00000020   Data   RW          747    .data               illumination.o
    0x2000004c   COMPRESSED   0x00000010   Data   RW          765    .data               dht11.o
    0x2000005c   COMPRESSED   0x00000006   Data   RW          766    .data               dht11.o
    0x20000062   COMPRESSED   0x00000002   PAD
    0x20000064   COMPRESSED   0x000008b8   Data   RW          811    .data               esp8266_drv.o
    0x2000091c   COMPRESSED   0x0000001c   Data   RW          922    .data               mqtt_drv.o
    0x20000938   COMPRESSED   0x00000004   Data   RW         1061    .data               delay.o
    0x2000093c   COMPRESSED   0x00000014   Data   RW         1133    .data               system_stm32f10x.o
    0x20000950   COMPRESSED   0x00000014   Data   RW         2760    .data               stm32f10x_rcc.o
    0x20000964        -       0x00000050   Zero   RW          193    .bss                menu.o
    0x200009b4        -       0x00000200   Zero   RW          289    .bss                bridgeflash.o
    0x20000bb4        -       0x000000c8   Zero   RW          764    .bss                dht11.o
    0x20000c7c        -       0x000001c0   Zero   RW          809    .bss                esp8266_drv.o
    0x20000e3c        -       0x00000e06   Zero   RW          921    .bss                mqtt_drv.o
    0x20001c42   COMPRESSED   0x00000006   PAD
    0x20001c48        -       0x00000400   Zero   RW         1111    STACK               startup_stm32f10x_md.o


==============================================================================

Image component sizes


      Code (inc. data)   RO Data    RW Data    ZI Data      Debug   Object Name

       234         16          0          0          0       1735   adc.o
       360         36          0          0        512       6180   bridgeflash.o
      1296         54       5952          1          0      11692   bsp_oled_iic.o
       226         28          0          4          0      18605   delay.o
       348         16          0         22        200       3369   dht11.o
      1556        344        135       2232        448      11190   esp8266_drv.o
       160          4          0         32          0       1431   illumination.o
       448         36          0         12          0       3195   key.o
        44          4          0          0          0        478   led.o
       140         10          0         13          0     269749   main.o
      1884        162          0         12         80       5555   menu.o
       120         14          0          0          0       1723   misc.o
       192         18          0          0          0       1582   motor.o
      2004        406          0         28       3590       9648   mqtt_drv.o
       140         10          0          0          0        604   my_usart2.o
       140          0          0          0          0       1857   pid.o
        36          8        236          0       1024        864   startup_stm32f10x_md.o
       404         22          0          0          0       9502   stm32f10x_adc.o
       236         36          0          0          0       4344   stm32f10x_flash.o
       188          0          0          0          0       3956   stm32f10x_gpio.o
        32          6          0          0          0       3810   stm32f10x_it.o
       276         42          0         20          0       6002   stm32f10x_rcc.o
       542         72          0          0          0       8208   stm32f10x_tim.o
       274          6          0          0          0       4636   stm32f10x_usart.o
        66          0          0          0          0        498   sys.o
       260         26          0         20          0       2225   system_stm32f10x.o
        98          0          0          0          0       1078   time2.o

    ----------------------------------------------------------------------
     11730       1376       6356       2404       5860     393716   Object Totals
         0          0         32          0          0          0   (incl. Generated)
        26          0          1          8          6          0   (incl. Padding)

    ----------------------------------------------------------------------

      Code (inc. data)   RO Data    RW Data    ZI Data      Debug   Library Member Name

        86          0          0          0          0          0   __dczerorl2.o
         0          0          0          0          0          0   entry.o
         0          0          0          0          0          0   entry10a.o
         0          0          0          0          0          0   entry11a.o
         4          0          0          0          0          0   entry12b.o
         8          4          0          0          0          0   entry2.o
         4          0          0          0          0          0   entry5.o
         0          0          0          0          0          0   entry7b.o
         0          0          0          0          0          0   entry8b.o
         8          4          0          0          0          0   entry9a.o
        30          0          0          0          0          0   handlers.o
        36          8          0          0          0         68   init.o
         0          0          0          0          0          0   iusefp.o
        30          0          0          0          0         68   llshl.o
        36          0          0          0          0         68   llsshr.o
        32          0          0          0          0         68   llushr.o
        36          0          0          0          0         68   memcpya.o
        36          0          0          0          0        108   memseta.o
      2236         86          0          0          0        532   printfa.o
        14          0          0          0          0         68   strlen.o
        36          0          0          0          0         80   strstr.o
        44          0          0          0          0         80   uidiv.o
        98          0          0          0          0         92   uldiv.o
        48          0          0          0          0         68   cdrcmple.o
        20          0          0          0          0         68   cfcmple.o
        20          0          0          0          0         68   cfrcmple.o
       334          0          0          0          0        148   dadd.o
       222          0          0          0          0        100   ddiv.o
       186          0          0          0          0        176   depilogue.o
        48          0          0          0          0         68   dfixul.o
       228          0          0          0          0         96   dmul.o
       176          0          0          0          0        140   fadd.o
       124          0          0          0          0         88   fdiv.o
       110          0          0          0          0        168   fepilogue.o
        50          0          0          0          0         68   ffixi.o
        40          0          0          0          0         68   ffixui.o
        18          0          0          0          0         68   fflti.o
        10          0          0          0          0         68   ffltui.o
       100          0          0          0          0         76   fmul.o

    ----------------------------------------------------------------------
      4510        102          0          0          0       2836   Library Totals
         2          0          0          0          0          0   (incl. Padding)

    ----------------------------------------------------------------------

      Code (inc. data)   RO Data    RW Data    ZI Data      Debug   Library Name

      2774        102          0          0          0       1300   mc_w.l
      1734          0          0          0          0       1536   mf_w.l

    ----------------------------------------------------------------------
      4510        102          0          0          0       2836   Library Totals

    ----------------------------------------------------------------------

==============================================================================


      Code (inc. data)   RO Data    RW Data    ZI Data      Debug   

     16240       1478       6356       2404       5860     387892   Grand Totals
     16240       1478       6356        196       5860     387892   ELF Image Totals (compressed)
     16240       1478       6356        196          0          0   ROM Totals

==============================================================================

    Total RO  Size (Code + RO Data)                22596 (  22.07kB)
    Total RW  Size (RW Data + ZI Data)              8264 (   8.07kB)
    Total ROM Size (Code + RO Data + RW Data)      22792 (  22.26kB)

==============================================================================

