<html>
<body>
<pre>
<h1>礦ision Build Log</h1>
<h2>Tool Versions:</h2>
IDE-Version: μVision V5.42.0.0
Copyright (C) 2025 ARM Ltd and ARM Germany GmbH. All rights reserved.
License Information: 龙粲,  , LIC=Y2B1Q-NGGR7-9ZIWW-QY7S2-MP319-DYZG7
 
Tool Versions:
Toolchain:       MDK-ARM Professional  Version: 5.42.0.0
Toolchain Path:  D:\ARM\ARMCC\Bin
C Compiler:      Armcc.exe V5.06 update 7 (build 960)
Assembler:       Armasm.exe V5.06 update 7 (build 960)
Linker/Locator:  ArmLink.exe V5.06 update 7 (build 960)
Library Manager: ArmAr.exe V5.06 update 7 (build 960)
Hex Converter:   FromElf.exe V5.06 update 7 (build 960)
CPU DLL:         SARMCM3.DLL V5.42.0.0
Dialog DLL:      DARMSTM.DLL V1.69.1.0
Target DLL:      STLink\ST-LINKIII-KEIL_SWO.dll V3.3.0.0
Dialog DLL:      TARMSTM.DLL V1.67.1.0
 
<h2>Project:</h2>
D:\stm32试改\1-程序源文件\Stm32Code\Stm32Code\Project\template.uvprojx
Project File Date:  03/31/2026

<h2>Output:</h2>
*** Using Compiler 'V5.06 update 7 (build 960)', folder: 'D:\ARM\ARMCC\Bin'
Rebuild target 'template'
compiling main.c...
compiling led.c...
compiling key.c...
compiling adc.c...
compiling menu.c...
..\Project\motor.h(11): warning:  #1-D: last line of file ends without a newline
  #endif
..\Project\pid.h(23): warning:  #1-D: last line of file ends without a newline
  #endif
..\SYS\menu\menu.c(428): warning:  #1-D: last line of file ends without a newline
  }
..\SYS\menu\menu.c: 3 warnings, 0 errors
compiling stm32f10x_it.c...
compiling sys.c...
compiling time2.c...
compiling DHT11.c...
compiling bsp_beep.c...
compiling esp8266_drv.c...
compiling BridgeFlash.c...
compiling illumination.c...
compiling my_usart2.c...
compiling bsp_oled_iic.c...
compiling mqtt_drv.c...
assembling startup_stm32f10x_md.s...
compiling motor.c...
motor.h(11): warning:  #1-D: last line of file ends without a newline
  #endif
motor.c(68): warning:  #1-D: last line of file ends without a newline
  }
motor.c: 2 warnings, 0 errors
compiling pid.c...
pid.h(23): warning:  #1-D: last line of file ends without a newline
  #endif
pid.c(65): warning:  #1-D: last line of file ends without a newline
  }
pid.c: 2 warnings, 0 errors
compiling delay.c...
compiling core_cm3.c...
compiling system_stm32f10x.c...
compiling stm32f10x_bkp.c...
compiling stm32f10x_adc.c...
compiling stm32f10x_cec.c...
compiling stm32f10x_can.c...
compiling stm32f10x_dbgmcu.c...
compiling stm32f10x_dac.c...
compiling misc.c...
compiling stm32f10x_crc.c...
compiling stm32f10x_dma.c...
compiling stm32f10x_exti.c...
compiling stm32f10x_flash.c...
compiling stm32f10x_fsmc.c...
compiling stm32f10x_iwdg.c...
compiling stm32f10x_gpio.c...
compiling stm32f10x_i2c.c...
compiling stm32f10x_pwr.c...
compiling stm32f10x_rtc.c...
compiling stm32f10x_rcc.c...
compiling stm32f10x_sdio.c...
compiling stm32f10x_spi.c...
compiling stm32f10x_wwdg.c...
compiling stm32f10x_usart.c...
compiling stm32f10x_tim.c...
linking...
Program Size: Code=16240 RO-data=6356 RW-data=2404 ZI-data=5860  
FromELF: creating hex file...
".\Objects\template.axf" - 0 Error(s), 7 Warning(s).

<h2>Software Packages used:</h2>

Package Vendor: Keil
                https://www.keil.com/pack/Keil.STM32F1xx_DFP.2.4.1.pack
                Keil::STM32F1xx_DFP@2.4.1
                STMicroelectronics STM32F1 Series Device Support, Drivers and Examples

<h2>Collection of Component include folders:</h2>
  ./Keil/STM32F1xx_DFP/2.4.1/Device/Include

<h2>Collection of Component Files used:</h2>
Build Time Elapsed:  00:00:04
</pre>
</body>
</html>
